Archive member included to satisfy reference by file (symbol)

c:/st/stm32cubeide_1.8.0/stm32cubeide/plugins/com.st.stm32cube.ide.mcu.externaltools.gnu-tools-for-stm32.9-2020-q2-update.win32_2.0.0.202105311346/tools/bin/../lib/gcc/arm-none-eabi/9.3.1/../../../../arm-none-eabi/lib/thumb/v7-m/nofp\libc_nano.a(lib_a-errno.o)
                              ./Core/Src/syscalls.o (__errno)
c:/st/stm32cubeide_1.8.0/stm32cubeide/plugins/com.st.stm32cube.ide.mcu.externaltools.gnu-tools-for-stm32.9-2020-q2-update.win32_2.0.0.202105311346/tools/bin/../lib/gcc/arm-none-eabi/9.3.1/../../../../arm-none-eabi/lib/thumb/v7-m/nofp\libc_nano.a(lib_a-exit.o)
                              c:/st/stm32cubeide_1.8.0/stm32cubeide/plugins/com.st.stm32cube.ide.mcu.externaltools.gnu-tools-for-stm32.9-2020-q2-update.win32_2.0.0.202105311346/tools/bin/../lib/gcc/arm-none-eabi/9.3.1/../../../../arm-none-eabi/lib/thumb/v7-m/nofp/crt0.o (exit)
c:/st/stm32cubeide_1.8.0/stm32cubeide/plugins/com.st.stm32cube.ide.mcu.externaltools.gnu-tools-for-stm32.9-2020-q2-update.win32_2.0.0.202105311346/tools/bin/../lib/gcc/arm-none-eabi/9.3.1/../../../../arm-none-eabi/lib/thumb/v7-m/nofp\libc_nano.a(lib_a-findfp.o)
                              ./Middlewares/Third_Party/FreeRTOS/Source/tasks.o (__sf_fake_stderr)
c:/st/stm32cubeide_1.8.0/stm32cubeide/plugins/com.st.stm32cube.ide.mcu.externaltools.gnu-tools-for-stm32.9-2020-q2-update.win32_2.0.0.202105311346/tools/bin/../lib/gcc/arm-none-eabi/9.3.1/../../../../arm-none-eabi/lib/thumb/v7-m/nofp\libc_nano.a(lib_a-fwalk.o)
                              c:/st/stm32cubeide_1.8.0/stm32cubeide/plugins/com.st.stm32cube.ide.mcu.externaltools.gnu-tools-for-stm32.9-2020-q2-update.win32_2.0.0.202105311346/tools/bin/../lib/gcc/arm-none-eabi/9.3.1/../../../../arm-none-eabi/lib/thumb/v7-m/nofp\libc_nano.a(lib_a-findfp.o) (_fwalk)
c:/st/stm32cubeide_1.8.0/stm32cubeide/plugins/com.st.stm32cube.ide.mcu.externaltools.gnu-tools-for-stm32.9-2020-q2-update.win32_2.0.0.202105311346/tools/bin/../lib/gcc/arm-none-eabi/9.3.1/../../../../arm-none-eabi/lib/thumb/v7-m/nofp\libc_nano.a(lib_a-impure.o)
                              c:/st/stm32cubeide_1.8.0/stm32cubeide/plugins/com.st.stm32cube.ide.mcu.externaltools.gnu-tools-for-stm32.9-2020-q2-update.win32_2.0.0.202105311346/tools/bin/../lib/gcc/arm-none-eabi/9.3.1/../../../../arm-none-eabi/lib/thumb/v7-m/nofp\libc_nano.a(lib_a-exit.o) (_global_impure_ptr)
c:/st/stm32cubeide_1.8.0/stm32cubeide/plugins/com.st.stm32cube.ide.mcu.externaltools.gnu-tools-for-stm32.9-2020-q2-update.win32_2.0.0.202105311346/tools/bin/../lib/gcc/arm-none-eabi/9.3.1/../../../../arm-none-eabi/lib/thumb/v7-m/nofp\libc_nano.a(lib_a-init.o)
                              c:/st/stm32cubeide_1.8.0/stm32cubeide/plugins/com.st.stm32cube.ide.mcu.externaltools.gnu-tools-for-stm32.9-2020-q2-update.win32_2.0.0.202105311346/tools/bin/../lib/gcc/arm-none-eabi/9.3.1/../../../../arm-none-eabi/lib/thumb/v7-m/nofp/crt0.o (__libc_init_array)
c:/st/stm32cubeide_1.8.0/stm32cubeide/plugins/com.st.stm32cube.ide.mcu.externaltools.gnu-tools-for-stm32.9-2020-q2-update.win32_2.0.0.202105311346/tools/bin/../lib/gcc/arm-none-eabi/9.3.1/../../../../arm-none-eabi/lib/thumb/v7-m/nofp\libc_nano.a(lib_a-lock.o)
                              c:/st/stm32cubeide_1.8.0/stm32cubeide/plugins/com.st.stm32cube.ide.mcu.externaltools.gnu-tools-for-stm32.9-2020-q2-update.win32_2.0.0.202105311346/tools/bin/../lib/gcc/arm-none-eabi/9.3.1/../../../../arm-none-eabi/lib/thumb/v7-m/nofp\libc_nano.a(lib_a-findfp.o) (__retarget_lock_init_recursive)
c:/st/stm32cubeide_1.8.0/stm32cubeide/plugins/com.st.stm32cube.ide.mcu.externaltools.gnu-tools-for-stm32.9-2020-q2-update.win32_2.0.0.202105311346/tools/bin/../lib/gcc/arm-none-eabi/9.3.1/../../../../arm-none-eabi/lib/thumb/v7-m/nofp\libc_nano.a(lib_a-malloc.o)
                              ./icode/aliyun/esp8266/esp8266.o (malloc)
c:/st/stm32cubeide_1.8.0/stm32cubeide/plugins/com.st.stm32cube.ide.mcu.externaltools.gnu-tools-for-stm32.9-2020-q2-update.win32_2.0.0.202105311346/tools/bin/../lib/gcc/arm-none-eabi/9.3.1/../../../../arm-none-eabi/lib/thumb/v7-m/nofp\libc_nano.a(lib_a-memcmp.o)
                              ./icode/aliyun/mqtt/MQTTConnectServer.o (memcmp)
c:/st/stm32cubeide_1.8.0/stm32cubeide/plugins/com.st.stm32cube.ide.mcu.externaltools.gnu-tools-for-stm32.9-2020-q2-update.win32_2.0.0.202105311346/tools/bin/../lib/gcc/arm-none-eabi/9.3.1/../../../../arm-none-eabi/lib/thumb/v7-m/nofp\libc_nano.a(lib_a-memcpy-stub.o)
                              ./Middlewares/Third_Party/FreeRTOS/Source/queue.o (memcpy)
c:/st/stm32cubeide_1.8.0/stm32cubeide/plugins/com.st.stm32cube.ide.mcu.externaltools.gnu-tools-for-stm32.9-2020-q2-update.win32_2.0.0.202105311346/tools/bin/../lib/gcc/arm-none-eabi/9.3.1/../../../../arm-none-eabi/lib/thumb/v7-m/nofp\libc_nano.a(lib_a-memset.o)
[...]
Memory Configuration

Name             Origin             Length             Attributes
RAM              0x0000000020000000 0x0000000000005000 xrw
FLASH            0x0000000008000000 0x0000000000010000 xr
*default*        0x0000000000000000 0xffffffffffffffff

Linker script and memory map

LOAD c:/st/stm32cubeide_1.8.0/stm32cubeide/plugins/com.st.stm32cube.ide.mcu.externaltools.gnu-tools-for-stm32.9-2020-q2-update.win32_2.0.0.202105311346/tools/bin/../lib/gcc/arm-none-eabi/9.3.1/thumb/v7-m/nofp/crti.o
LOAD c:/st/stm32cubeide_1.8.0/stm32cubeide/plugins/com.st.stm32cube.ide.mcu.externaltools.gnu-tools-for-stm32.9-2020-q2-update.win32_2.0.0.202105311346/tools/bin/../lib/gcc/arm-none-eabi/9.3.1/thumb/v7-m/nofp/crtbegin.o
LOAD c:/st/stm32cubeide_1.8.0/stm32cubeide/plugins/com.st.stm32cube.ide.mcu.externaltools.gnu-tools-for-stm32.9-2020-q2-update.win32_2.0.0.202105311346/tools/bin/../lib/gcc/arm-none-eabi/9.3.1/../../../../arm-none-eabi/lib/thumb/v7-m/nofp/crt0.o
LOAD ./Core/Src/freertos.o
LOAD ./Core/Src/main.o
LOAD ./Core/Src/stm32f1xx_hal_msp.o
LOAD ./Core/Src/stm32f1xx_hal_timebase_tim.o
LOAD ./Core/Src/stm32f1xx_it.o
LOAD ./Core/Src/syscalls.o
LOAD ./Core/Src/sysmem.o
LOAD ./Core/Src/system_stm32f1xx.o
LOAD ./Core/Startup/startup_stm32f103c8tx.o
LOAD ./Drivers/STM32F1xx_HAL_Driver/Src/stm32f1xx_hal.o
LOAD ./Drivers/STM32F1xx_HAL_Driver/Src/stm32f1xx_hal_adc.o
LOAD ./Drivers/STM32F1xx_HAL_Driver/Src/stm32f1xx_hal_adc_ex.o
LOAD ./Drivers/STM32F1xx_HAL_Driver/Src/stm32f1xx_hal_cortex.o
LOAD ./Drivers/STM32F1xx_HAL_Driver/Src/stm32f1xx_hal_dma.o
LOAD ./Drivers/STM32F1xx_HAL_Driver/Src/stm32f1xx_hal_exti.o
LOAD ./Drivers/STM32F1xx_HAL_Driver/Src/stm32f1xx_hal_flash.o
LOAD ./Drivers/STM32F1xx_HAL_Driver/Src/stm32f1xx_hal_flash_ex.o
LOAD ./Drivers/STM32F1xx_HAL_Driver/Src/stm32f1xx_hal_gpio.o
LOAD ./Drivers/STM32F1xx_HAL_Driver/Src/stm32f1xx_hal_gpio_ex.o
LOAD ./Drivers/STM32F1xx_HAL_Driver/Src/stm32f1xx_hal_pwr.o
LOAD ./Drivers/STM32F1xx_HAL_Driver/Src/stm32f1xx_hal_rcc.o
LOAD ./Drivers/STM32F1xx_HAL_Driver/Src/stm32f1xx_hal_rcc_ex.o
LOAD ./Drivers/STM32F1xx_HAL_Driver/Src/stm32f1xx_hal_tim.o
LOAD ./Drivers/STM32F1xx_HAL_Driver/Src/stm32f1xx_hal_tim_ex.o
LOAD ./Drivers/STM32F1xx_HAL_Driver/Src/stm32f1xx_hal_uart.o
LOAD ./Middlewares/Third_Party/FreeRTOS/Source/CMSIS_RTOS/cmsis_os.o
LOAD ./Middlewares/Third_Party/FreeRTOS/Source/croutine.o
LOAD ./Middlewares/Third_Party/FreeRTOS/Source/event_groups.o
LOAD ./Middlewares/Third_Party/FreeRTOS/Source/list.o
LOAD ./Middlewares/Third_Party/FreeRTOS/Source/queue.o
LOAD ./Middlewares/Third_Party/FreeRTOS/Source/stream_buffer.o
LOAD ./Middlewares/Third_Party/FreeRTOS/Source/tasks.o
LOAD ./Middlewares/Third_Party/FreeRTOS/Source/timers.o
LOAD ./Middlewares/Third_Party/FreeRTOS/Source/portable/GCC/ARM_CM3/port.o
LOAD ./Middlewares/Third_Party/FreeRTOS/Source/portable/MemMang/heap_4.o
LOAD ./icode/adc/adc.o
LOAD ./icode/aliyun/esp8266/esp8266.o
LOAD ./icode/aliyun/hmac/utils_hmac.o
LOAD ./icode/aliyun/hmac/utils_md5.o
LOAD ./icode/aliyun/hmac/utils_sha1.o
LOAD ./icode/aliyun/iot/iot.o
LOAD ./icode/aliyun/mqtt/MQTTConnectClient.o
LOAD ./icode/aliyun/mqtt/MQTTConnectServer.o
LOAD ./icode/aliyun/mqtt/MQTTDeserializePublish.o
LOAD ./icode/aliyun/mqtt/MQTTFormat.o
LOAD ./icode/aliyun/mqtt/MQTTPacket.o
LOAD ./icode/aliyun/mqtt/MQTTSerializePublish.o
LOAD ./icode/aliyun/mqtt/MQTTSubscribeClient.o
LOAD ./icode/aliyun/mqtt/MQTTSubscribeServer.o
LOAD ./icode/aliyun/mqtt/MQTTUnsubscribeClient.o
LOAD ./icode/aliyun/mqtt/MQTTUnsubscribeServer.o
LOAD ./icode/aliyun/mqtt/transport.o
LOAD ./icode/delay/delay.o
LOAD ./icode/dht11/dht11.o
LOAD ./icode/usart/usart.o
START GROUP
LOAD c:/st/stm32cubeide_1.8.0/stm32cubeide/plugins/com.st.stm32cube.ide.mcu.externaltools.gnu-tools-for-stm32.9-2020-q2-update.win32_2.0.0.202105311346/tools/bin/../lib/gcc/arm-none-eabi/9.3.1/../../../../arm-none-eabi/lib/thumb/v7-m/nofp\libc_nano.a
LOAD c:/st/stm32cubeide_1.8.0/stm32cubeide/plugins/com.st.stm32cube.ide.mcu.externaltools.gnu-tools-for-stm32.9-2020-q2-update.win32_2.0.0.202105311346/tools/bin/../lib/gcc/arm-none-eabi/9.3.1/../../../../arm-none-eabi/lib/thumb/v7-m/nofp\libm.a
END GROUP
START GROUP
LOAD c:/st/stm32cubeide_1.8.0/stm32cubeide/plugins/com.st.stm32cube.ide.mcu.externaltools.gnu-tools-for-stm32.9-2020-q2-update.win32_2.0.0.202105311346/tools/bin/../lib/gcc/arm-none-eabi/9.3.1/thumb/v7-m/nofp\libgcc.a
LOAD c:/st/stm32cubeide_1.8.0/stm32cubeide/plugins/com.st.stm32cube.ide.mcu.externaltools.gnu-tools-for-stm32.9-2020-q2-update.win32_2.0.0.202105311346/tools/bin/../lib/gcc/arm-none-eabi/9.3.1/../../../../arm-none-eabi/lib/thumb/v7-m/nofp\libc_nano.a
END GROUP
START GROUP
LOAD c:/st/stm32cubeide_1.8.0/stm32cubeide/plugins/com.st.stm32cube.ide.mcu.externaltools.gnu-tools-for-stm32.9-2020-q2-update.win32_2.0.0.202105311346/tools/bin/../lib/gcc/arm-none-eabi/9.3.1/thumb/v7-m/nofp\libgcc.a
LOAD c:/st/stm32cubeide_1.8.0/stm32cubeide/plugins/com.st.stm32cube.ide.mcu.externaltools.gnu-tools-for-stm32.9-2020-q2-update.win32_2.0.0.202105311346/tools/bin/../lib/gcc/arm-none-eabi/9.3.1/../../../../arm-none-eabi/lib/thumb/v7-m/nofp\libc_nano.a
LOAD c:/st/stm32cubeide_1.8.0/stm32cubeide/plugins/com.st.stm32cube.ide.mcu.externaltools.gnu-tools-for-stm32.9-2020-q2-update.win32_2.0.0.202105311346/tools/bin/../lib/gcc/arm-none-eabi/9.3.1/../../../../arm-none-eabi/lib/thumb/v7-m/nofp\libnosys.a
END GROUP
START GROUP
LOAD c:/st/stm32cubeide_1.8.0/stm32cubeide/plugins/com.st.stm32cube.ide.mcu.externaltools.gnu-tools-for-stm32.9-2020-q2-update.win32_2.0.0.202105311346/tools/bin/../lib/gcc/arm-none-eabi/9.3.1/thumb/v7-m/nofp\libgcc.a
LOAD c:/st/stm32cubeide_1.8.0/stm32cubeide/plugins/com.st.stm32cube.ide.mcu.externaltools.gnu-tools-for-stm32.9-2020-q2-update.win32_2.0.0.202105311346/tools/bin/../lib/gcc/arm-none-eabi/9.3.1/../../../../arm-none-eabi/lib/thumb/v7-m/nofp\libc_nano.a
LOAD c:/st/stm32cubeide_1.8.0/stm32cubeide/plugins/com.st.stm32cube.ide.mcu.externaltools.gnu-tools-for-stm32.9-2020-q2-update.win32_2.0.0.202105311346/tools/bin/../lib/gcc/arm-none-eabi/9.3.1/../../../../arm-none-eabi/lib/thumb/v7-m/nofp\libnosys.a
END GROUP
LOAD c:/st/stm32cubeide_1.8.0/stm32cubeide/plugins/com.st.stm32cube.ide.mcu.externaltools.gnu-tools-for-stm32.9-2020-q2-update.win32_2.0.0.202105311346/tools/bin/../lib/gcc/arm-none-eabi/9.3.1/thumb/v7-m/nofp/crtend.o
LOAD c:/st/stm32cubeide_1.8.0/stm32cubeide/plugins/com.st.stm32cube.ide.mcu.externaltools.gnu-tools-for-stm32.9-2020-q2-update.win32_2.0.0.202105311346/tools/bin/../lib/gcc/arm-none-eabi/9.3.1/thumb/v7-m/nofp/crtn.o
                0x0000000020005000                _estack = (ORIGIN (RAM) + LENGTH (RAM))
                0x0000000000000200                _Min_Heap_Size = 0x200
                0x0000000000000400                _Min_Stack_Size = 0x400

.isr_vector     0x0000000008000000      0x10c
                0x0000000008000000                . = ALIGN (0x4)
 *(.isr_vector)
 .isr_vector    0x0000000008000000      0x10c ./Core/Startup/startup_stm32f103c8tx.o
                0x0000000008000000                g_pfnVectors
                0x000000000800010c                . = ALIGN (0x4)

.text           0x0000000008000110     0xa5a4
                0x0000000008000110                . = ALIGN (0x4)
 *(.text)
 .text          0x0000000008000110       0x40 c:/st/stm32cubeide_1.8.0/stm32cubeide/plugins/com.st.stm32cube.ide.mcu.externaltools.gnu-tools-for-stm32.9-2020-q2-update.win32_2.0.0.202105311346/tools/bin/../lib/gcc/arm-none-eabi/9.3.1/thumb/v7-m/nofp/crtbegin.o
 .text          0x0000000008000150       0x10 c:/st/stm32cubeide_1.8.0/stm32cubeide/plugins/com.st.stm32cube.ide.mcu.externaltools.gnu-tools-for-stm32.9-2020-q2-update.win32_2.0.0.202105311346/tools/bin/../lib/gcc/arm-none-eabi/9.3.1/../../../../arm-none-eabi/lib/thumb/v7-m/nofp\libc_nano.a(lib_a-strlen.o)
                0x0000000008000150                strlen
 *(.text*)
 .text.vApplicationGetIdleTaskMemory
                0x0000000008000160       0x30 ./Core/Src/freertos.o
                0x0000000008000160                vApplicationGetIdleTaskMemory
 .text.main     0x0000000008000190      0x188 ./Core/Src/main.o
                0x0000000008000190                main
 .text.SystemClock_Config
                0x0000000008000318       0xb6 ./Core/Src/main.o
                0x0000000008000318                SystemClock_Config
 *fill*         0x00000000080003ce        0x2 
 .text.MX_ADC1_Init
                0x00000000080003d0       0x7c ./Core/Src/main.o
 .text.MX_ADC2_Init
                0x000000000800044c       0x7c ./Core/Src/main.o
 .text.MX_TIM2_Init
                0x00000000080004c8       0x9c ./Core/Src/main.o
 .text.MX_USART1_UART_Init
                0x0000000008000564       0x54 ./Core/Src/main.o
 .text.MX_USART3_UART_Init
                0x00000000080005b8       0x54 ./Core/Src/main.o
 .text.MX_GPIO_Init
                0x000000000800060c       0xac ./Core/Src/main.o
 .text.StartDefaultTask
                0x00000000080006b8       0x30 ./Core/Src/main.o
                0x00000000080006b8                StartDefaultTask
 .text.StartTask02
                0x00000000080006e8       0x58 ./Core/Src/main.o
                0x00000000080006e8                StartTask02
 .text.StartTask03
                0x0000000008000740       0x80 ./Core/Src/main.o
                0x0000000008000740                StartTask03
 .text.StartTask04
                0x00000000080007c0      0x18c ./Core/Src/main.o
                0x00000000080007c0                StartTask04
 .text.HAL_TIM_PeriodElapsedCallback
                0x000000000800094c       0x90 ./Core/Src/main.o
                0x000000000800094c                HAL_TIM_PeriodElapsedCallback
 .text.Error_Handler
                0x00000000080009dc        0xa ./Core/Src/main.o
                0x00000000080009dc                Error_Handler
 *fill*         0x00000000080009e6        0x2 
 .text.HAL_MspInit
                0x00000000080009e8       0x70 ./Core/Src/stm32f1xx_hal_msp.o
                0x00000000080009e8                HAL_MspInit
 .text.HAL_ADC_MspInit
                0x0000000008000a58       0xcc ./Core/Src/stm32f1xx_hal_msp.o
                0x0000000008000a58                HAL_ADC_MspInit
 .text.HAL_TIM_Base_MspInit
                0x0000000008000b24       0x48 ./Core/Src/stm32f1xx_hal_msp.o
                0x0000000008000b24                HAL_TIM_Base_MspInit
 .text.HAL_UART_MspInit
                0x0000000008000b6c      0x130 ./Core/Src/stm32f1xx_hal_msp.o
                0x0000000008000b6c                HAL_UART_MspInit
 .text.HAL_InitTick
                0x0000000008000c9c       0xac ./Core/Src/stm32f1xx_hal_timebase_tim.o
                0x0000000008000c9c                HAL_InitTick
 .text.NMI_Handler
                0x0000000008000d48        0x6 ./Core/Src/stm32f1xx_it.o
                0x0000000008000d48                NMI_Handler
 .text.HardFault_Handler
                0x0000000008000d4e        0x6 ./Core/Src/stm32f1xx_it.o
                0x0000000008000d4e                HardFault_Handler
 .text.MemManage_Handler
                0x0000000008000d54        0x6 ./Core/Src/stm32f1xx_it.o
                0x0000000008000d54                MemManage_Handler
 .text.BusFault_Handler
                0x0000000008000d5a        0x6 ./Core/Src/stm32f1xx_it.o
                0x0000000008000d5a                BusFault_Handler
 .text.UsageFault_Handler
                0x0000000008000d60        0x6 ./Core/Src/stm32f1xx_it.o
                0x0000000008000d60                UsageFault_Handler
 .text.DebugMon_Handler
                0x0000000008000d66        0xc ./Core/Src/stm32f1xx_it.o
                0x0000000008000d66                DebugMon_Handler
 *fill*         0x0000000008000d72        0x2 
 .text.TIM1_UP_IRQHandler
                0x0000000008000d74       0x14 ./Core/Src/stm32f1xx_it.o
                0x0000000008000d74                TIM1_UP_IRQHandler
 .text.TIM2_IRQHandler
                0x0000000008000d88       0x14 ./Core/Src/stm32f1xx_it.o
                0x0000000008000d88                TIM2_IRQHandler
 .text.USART1_IRQHandler
                0x0000000008000d9c       0x14 ./Core/Src/stm32f1xx_it.o
                0x0000000008000d9c                USART1_IRQHandler
 .text.USART3_IRQHandler
                0x0000000008000db0       0x14 ./Core/Src/stm32f1xx_it.o
                0x0000000008000db0                USART3_IRQHandler
 .text._read    0x0000000008000dc4       0x3a ./Core/Src/syscalls.o
                0x0000000008000dc4                _read
 .text._write   0x0000000008000dfe       0x38 ./Core/Src/syscalls.o
                0x0000000008000dfe                _write
 .text._close   0x0000000008000e36       0x16 ./Core/Src/syscalls.o
                0x0000000008000e36                _close
 .text._fstat   0x0000000008000e4c       0x1e ./Core/Src/syscalls.o
                0x0000000008000e4c                _fstat
 .text._isatty  0x0000000008000e6a       0x14 ./Core/Src/syscalls.o
                0x0000000008000e6a                _isatty
 .text._lseek   0x0000000008000e7e       0x18 ./Core/Src/syscalls.o
                0x0000000008000e7e                _lseek
 *fill*         0x0000000008000e96        0x2 
 .text._sbrk    0x0000000008000e98       0x6c ./Core/Src/sysmem.o
                0x0000000008000e98                _sbrk
 .text.SystemInit
                0x0000000008000f04        0xc ./Core/Src/system_stm32f1xx.o
                0x0000000008000f04                SystemInit
 .text.Reset_Handler
                0x0000000008000f10       0x48 ./Core/Startup/startup_stm32f103c8tx.o
                0x0000000008000f10                Reset_Handler
 .text.Default_Handler
                0x0000000008000f58        0x2 ./Core/Startup/startup_stm32f103c8tx.o
                0x0000000008000f58                RTC_Alarm_IRQHandler
                0x0000000008000f58                EXTI2_IRQHandler
                0x0000000008000f58                TIM1_CC_IRQHandler
                0x0000000008000f58                PVD_IRQHandler
                0x0000000008000f58                EXTI3_IRQHandler
                0x0000000008000f58                EXTI0_IRQHandler
                0x0000000008000f58                I2C2_EV_IRQHandler
                0x0000000008000f58                ADC1_2_IRQHandler
                0x0000000008000f58                SPI1_IRQHandler
                0x0000000008000f58                TAMPER_IRQHandler
                0x0000000008000f58                DMA1_Channel4_IRQHandler
                0x0000000008000f58                RTC_IRQHandler
                0x0000000008000f58                DMA1_Channel7_IRQHandler
                0x0000000008000f58                CAN1_RX1_IRQHandler
                0x0000000008000f58                TIM4_IRQHandler
                0x0000000008000f58                I2C1_EV_IRQHandler
                0x0000000008000f58                DMA1_Channel6_IRQHandler
                0x0000000008000f58                TIM3_IRQHandler
                0x0000000008000f58                RCC_IRQHandler
                0x0000000008000f58                TIM1_TRG_COM_IRQHandler
                0x0000000008000f58                DMA1_Channel1_IRQHandler
                0x0000000008000f58                Default_Handler
                0x0000000008000f58                EXTI15_10_IRQHandler
                0x0000000008000f58                EXTI9_5_IRQHandler
                0x0000000008000f58                SPI2_IRQHandler
                0x0000000008000f58                DMA1_Channel5_IRQHandler
                0x0000000008000f58                EXTI4_IRQHandler
                0x0000000008000f58                USB_LP_CAN1_RX0_IRQHandler
                0x0000000008000f58                USB_HP_CAN1_TX_IRQHandler
                0x0000000008000f58                DMA1_Channel3_IRQHandler
                0x0000000008000f58                WWDG_IRQHandler
                0x0000000008000f58                TIM1_BRK_IRQHandler
                0x0000000008000f58                EXTI1_IRQHandler
                0x0000000008000f58                USART2_IRQHandler
                0x0000000008000f58                I2C2_ER_IRQHandler
                0x0000000008000f58                DMA1_Channel2_IRQHandler
                0x0000000008000f58                CAN1_SCE_IRQHandler
                0x0000000008000f58                FLASH_IRQHandler
                0x0000000008000f58                I2C1_ER_IRQHandler
                0x0000000008000f58                USBWakeUp_IRQHandler
 *fill*         0x0000000008000f5a        0x2 
 .text.HAL_Init
                0x0000000008000f5c       0x2c ./Drivers/STM32F1xx_HAL_Driver/Src/stm32f1xx_hal.o
                0x0000000008000f5c                HAL_Init
 .text.HAL_IncTick
                0x0000000008000f88       0x24 ./Drivers/STM32F1xx_HAL_Driver/Src/stm32f1xx_hal.o
                0x0000000008000f88                HAL_IncTick
 .text.HAL_GetTick
                0x0000000008000fac       0x14 ./Drivers/STM32F1xx_HAL_Driver/Src/stm32f1xx_hal.o
                0x0000000008000fac                HAL_GetTick
 .text.HAL_Delay
                0x0000000008000fc0       0x48 ./Drivers/STM32F1xx_HAL_Driver/Src/stm32f1xx_hal.o
                0x0000000008000fc0                HAL_Delay
 .text.HAL_ADC_Init
                0x0000000008001008      0x1b0 ./Drivers/STM32F1xx_HAL_Driver/Src/stm32f1xx_hal_adc.o
                0x0000000008001008                HAL_ADC_Init
 .text.HAL_ADC_Start
                0x00000000080011b8      0x15c ./Drivers/STM32F1xx_HAL_Driver/Src/stm32f1xx_hal_adc.o
                0x00000000080011b8                HAL_ADC_Start
 .text.HAL_ADC_PollForConversion
                0x0000000008001314      0x20c ./Drivers/STM32F1xx_HAL_Driver/Src/stm32f1xx_hal_adc.o
                0x0000000008001314                HAL_ADC_PollForConversion
 .text.HAL_ADC_GetValue
                0x0000000008001520       0x18 ./Drivers/STM32F1xx_HAL_Driver/Src/stm32f1xx_hal_adc.o
                0x0000000008001520                HAL_ADC_GetValue
 .text.HAL_ADC_ConfigChannel
                0x0000000008001538      0x1f0 ./Drivers/STM32F1xx_HAL_Driver/Src/stm32f1xx_hal_adc.o
                0x0000000008001538                HAL_ADC_ConfigChannel
 .text.HAL_ADC_GetState
                0x0000000008001728       0x16 ./Drivers/STM32F1xx_HAL_Driver/Src/stm32f1xx_hal_adc.o
                0x0000000008001728                HAL_ADC_GetState
 *fill*         0x000000000800173e        0x2 
 .text.ADC_Enable
                0x0000000008001740       0xb4 ./Drivers/STM32F1xx_HAL_Driver/Src/stm32f1xx_hal_adc.o
                0x0000000008001740                ADC_Enable
 .text.ADC_ConversionStop_Disable
                0x00000000080017f4       0x82 ./Drivers/STM32F1xx_HAL_Driver/Src/stm32f1xx_hal_adc.o
                0x00000000080017f4                ADC_ConversionStop_Disable
 *fill*         0x0000000008001876        0x2 
 .text.__NVIC_SetPriorityGrouping
                0x0000000008001878       0x48 ./Drivers/STM32F1xx_HAL_Driver/Src/stm32f1xx_hal_cortex.o
 .text.__NVIC_GetPriorityGrouping
                0x00000000080018c0       0x1c ./Drivers/STM32F1xx_HAL_Driver/Src/stm32f1xx_hal_cortex.o
 .text.__NVIC_EnableIRQ
                0x00000000080018dc       0x38 ./Drivers/STM32F1xx_HAL_Driver/Src/stm32f1xx_hal_cortex.o
 .text.__NVIC_SetPriority
                0x0000000008001914       0x54 ./Drivers/STM32F1xx_HAL_Driver/Src/stm32f1xx_hal_cortex.o
 .text.NVIC_EncodePriority
                0x0000000008001968       0x64 ./Drivers/STM32F1xx_HAL_Driver/Src/stm32f1xx_hal_cortex.o
 .text.HAL_NVIC_SetPriorityGrouping
                0x00000000080019cc       0x16 ./Drivers/STM32F1xx_HAL_Driver/Src/stm32f1xx_hal_cortex.o
                0x00000000080019cc                HAL_NVIC_SetPriorityGrouping
 .text.HAL_NVIC_SetPriority
                0x00000000080019e2       0x38 ./Drivers/STM32F1xx_HAL_Driver/Src/stm32f1xx_hal_cortex.o
                0x00000000080019e2                HAL_NVIC_SetPriority
 .text.HAL_NVIC_EnableIRQ
                0x0000000008001a1a       0x1c ./Drivers/STM32F1xx_HAL_Driver/Src/stm32f1xx_hal_cortex.o
                0x0000000008001a1a                HAL_NVIC_EnableIRQ
 .text.HAL_DMA_Abort
                0x0000000008001a36       0x76 ./Drivers/STM32F1xx_HAL_Driver/Src/stm32f1xx_hal_dma.o
                0x0000000008001a36                HAL_DMA_Abort
 .text.HAL_DMA_Abort_IT
                0x0000000008001aac       0xf0 ./Drivers/STM32F1xx_HAL_Driver/Src/stm32f1xx_hal_dma.o
                0x0000000008001aac                HAL_DMA_Abort_IT
 .text.HAL_GPIO_Init
                0x0000000008001b9c      0x308 ./Drivers/STM32F1xx_HAL_Driver/Src/stm32f1xx_hal_gpio.o
                0x0000000008001b9c                HAL_GPIO_Init
 .text.HAL_GPIO_ReadPin
                0x0000000008001ea4       0x2e ./Drivers/STM32F1xx_HAL_Driver/Src/stm32f1xx_hal_gpio.o
                0x0000000008001ea4                HAL_GPIO_ReadPin
 .text.HAL_GPIO_WritePin
                0x0000000008001ed2       0x30 ./Drivers/STM32F1xx_HAL_Driver/Src/stm32f1xx_hal_gpio.o
                0x0000000008001ed2                HAL_GPIO_WritePin
 *fill*         0x0000000008001f02        0x2 
 .text.HAL_RCC_OscConfig
                0x0000000008001f04      0x500 ./Drivers/STM32F1xx_HAL_Driver/Src/stm32f1xx_hal_rcc.o
                0x0000000008001f04                HAL_RCC_OscConfig
 .text.HAL_RCC_ClockConfig
                0x0000000008002404      0x1d4 ./Drivers/STM32F1xx_HAL_Driver/Src/stm32f1xx_hal_rcc.o
                0x0000000008002404                HAL_RCC_ClockConfig
 .text.HAL_RCC_GetSysClockFreq
                0x00000000080025d8       0xa8 ./Drivers/STM32F1xx_HAL_Driver/Src/stm32f1xx_hal_rcc.o
                0x00000000080025d8                HAL_RCC_GetSysClockFreq
 .text.HAL_RCC_GetHCLKFreq
                0x0000000008002680       0x14 ./Drivers/STM32F1xx_HAL_Driver/Src/stm32f1xx_hal_rcc.o
                0x0000000008002680                HAL_RCC_GetHCLKFreq
 .text.HAL_RCC_GetPCLK1Freq
                0x0000000008002694       0x28 ./Drivers/STM32F1xx_HAL_Driver/Src/stm32f1xx_hal_rcc.o
                0x0000000008002694                HAL_RCC_GetPCLK1Freq
 .text.HAL_RCC_GetPCLK2Freq
                0x00000000080026bc       0x28 ./Drivers/STM32F1xx_HAL_Driver/Src/stm32f1xx_hal_rcc.o
                0x00000000080026bc                HAL_RCC_GetPCLK2Freq
 .text.HAL_RCC_GetClockConfig
                0x00000000080026e4       0x60 ./Drivers/STM32F1xx_HAL_Driver/Src/stm32f1xx_hal_rcc.o
                0x00000000080026e4                HAL_RCC_GetClockConfig
 .text.RCC_Delay
                0x0000000008002744       0x3c ./Drivers/STM32F1xx_HAL_Driver/Src/stm32f1xx_hal_rcc.o
 .text.HAL_RCCEx_PeriphCLKConfig
                0x0000000008002780      0x16c ./Drivers/STM32F1xx_HAL_Driver/Src/stm32f1xx_hal_rcc_ex.o
                0x0000000008002780                HAL_RCCEx_PeriphCLKConfig
 .text.HAL_RCCEx_GetPeriphCLKFreq
                0x00000000080028ec      0x16c ./Drivers/STM32F1xx_HAL_Driver/Src/stm32f1xx_hal_rcc_ex.o
                0x00000000080028ec                HAL_RCCEx_GetPeriphCLKFreq
 .text.HAL_TIM_Base_Init
                0x0000000008002a58       0x9e ./Drivers/STM32F1xx_HAL_Driver/Src/stm32f1xx_hal_tim.o
                0x0000000008002a58                HAL_TIM_Base_Init
 *fill*         0x0000000008002af6        0x2 
 .text.HAL_TIM_Base_Start_IT
                0x0000000008002af8       0xa4 ./Drivers/STM32F1xx_HAL_Driver/Src/stm32f1xx_hal_tim.o
                0x0000000008002af8                HAL_TIM_Base_Start_IT
 .text.HAL_TIM_IRQHandler
                0x0000000008002b9c      0x210 ./Drivers/STM32F1xx_HAL_Driver/Src/stm32f1xx_hal_tim.o
                0x0000000008002b9c                HAL_TIM_IRQHandler
 .text.HAL_TIM_ConfigClockSource
                0x0000000008002dac      0x18e ./Drivers/STM32F1xx_HAL_Driver/Src/stm32f1xx_hal_tim.o
                0x0000000008002dac                HAL_TIM_ConfigClockSource
 .text.HAL_TIM_OC_DelayElapsedCallback
                0x0000000008002f3a       0x12 ./Drivers/STM32F1xx_HAL_Driver/Src/stm32f1xx_hal_tim.o
                0x0000000008002f3a                HAL_TIM_OC_DelayElapsedCallback
 .text.HAL_TIM_IC_CaptureCallback
                0x0000000008002f4c       0x12 ./Drivers/STM32F1xx_HAL_Driver/Src/stm32f1xx_hal_tim.o
                0x0000000008002f4c                HAL_TIM_IC_CaptureCallback
 .text.HAL_TIM_PWM_PulseFinishedCallback
                0x0000000008002f5e       0x12 ./Drivers/STM32F1xx_HAL_Driver/Src/stm32f1xx_hal_tim.o
                0x0000000008002f5e                HAL_TIM_PWM_PulseFinishedCallback
 .text.HAL_TIM_TriggerCallback
                0x0000000008002f70       0x12 ./Drivers/STM32F1xx_HAL_Driver/Src/stm32f1xx_hal_tim.o
                0x0000000008002f70                HAL_TIM_TriggerCallback
 *fill*         0x0000000008002f82        0x2 
 .text.TIM_Base_SetConfig
                0x0000000008002f84       0xc4 ./Drivers/STM32F1xx_HAL_Driver/Src/stm32f1xx_hal_tim.o
                0x0000000008002f84                TIM_Base_SetConfig
 .text.TIM_TI1_ConfigInputStage
                0x0000000008003048       0x5c ./Drivers/STM32F1xx_HAL_Driver/Src/stm32f1xx_hal_tim.o
 .text.TIM_TI2_ConfigInputStage
                0x00000000080030a4       0x5e ./Drivers/STM32F1xx_HAL_Driver/Src/stm32f1xx_hal_tim.o
 .text.TIM_ITRx_SetConfig
                0x0000000008003102       0x34 ./Drivers/STM32F1xx_HAL_Driver/Src/stm32f1xx_hal_tim.o
 .text.TIM_ETR_SetConfig
                0x0000000008003136       0x3e ./Drivers/STM32F1xx_HAL_Driver/Src/stm32f1xx_hal_tim.o
                0x0000000008003136                TIM_ETR_SetConfig
 .text.HAL_TIMEx_MasterConfigSynchronization
                0x0000000008003174       0xbc ./Drivers/STM32F1xx_HAL_Driver/Src/stm32f1xx_hal_tim_ex.o
                0x0000000008003174                HAL_TIMEx_MasterConfigSynchronization
 .text.HAL_TIMEx_CommutCallback
                0x0000000008003230       0x12 ./Drivers/STM32F1xx_HAL_Driver/Src/stm32f1xx_hal_tim_ex.o
                0x0000000008003230                HAL_TIMEx_CommutCallback
 .text.HAL_TIMEx_BreakCallback
                0x0000000008003242       0x12 ./Drivers/STM32F1xx_HAL_Driver/Src/stm32f1xx_hal_tim_ex.o
                0x0000000008003242                HAL_TIMEx_BreakCallback
 .text.HAL_UART_Init
                0x0000000008003254       0xa0 ./Drivers/STM32F1xx_HAL_Driver/Src/stm32f1xx_hal_uart.o
                0x0000000008003254                HAL_UART_Init
 .text.HAL_UART_Transmit
                0x00000000080032f4      0x106 ./Drivers/STM32F1xx_HAL_Driver/Src/stm32f1xx_hal_uart.o
                0x00000000080032f4                HAL_UART_Transmit
 .text.HAL_UART_Receive_IT
                0x00000000080033fa       0x4a ./Drivers/STM32F1xx_HAL_Driver/Src/stm32f1xx_hal_uart.o
                0x00000000080033fa                HAL_UART_Receive_IT
 .text.HAL_UART_IRQHandler
                0x0000000008003444      0x524 ./Drivers/STM32F1xx_HAL_Driver/Src/stm32f1xx_hal_uart.o
                0x0000000008003444                HAL_UART_IRQHandler
 .text.HAL_UART_TxCpltCallback
                0x0000000008003968       0x12 ./Drivers/STM32F1xx_HAL_Driver/Src/stm32f1xx_hal_uart.o
                0x0000000008003968                HAL_UART_TxCpltCallback
 .text.HAL_UART_ErrorCallback
                0x000000000800397a       0x12 ./Drivers/STM32F1xx_HAL_Driver/Src/stm32f1xx_hal_uart.o
                0x000000000800397a                HAL_UART_ErrorCallback
 .text.HAL_UARTEx_RxEventCallback
                0x000000000800398c       0x16 ./Drivers/STM32F1xx_HAL_Driver/Src/stm32f1xx_hal_uart.o
                0x000000000800398c                HAL_UARTEx_RxEventCallback
 .text.UART_WaitOnFlagUntilTimeout
                0x00000000080039a2       0xdc ./Drivers/STM32F1xx_HAL_Driver/Src/stm32f1xx_hal_uart.o
 .text.UART_Start_Receive_IT
                0x0000000008003a7e       0x72 ./Drivers/STM32F1xx_HAL_Driver/Src/stm32f1xx_hal_uart.o
                0x0000000008003a7e                UART_Start_Receive_IT
 .text.UART_EndRxTransfer
                0x0000000008003af0       0xc4 ./Drivers/STM32F1xx_HAL_Driver/Src/stm32f1xx_hal_uart.o
 .text.UART_DMAAbortOnError
                0x0000000008003bb4       0x28 ./Drivers/STM32F1xx_HAL_Driver/Src/stm32f1xx_hal_uart.o
 .text.UART_Transmit_IT
                0x0000000008003bdc       0x9e ./Drivers/STM32F1xx_HAL_Driver/Src/stm32f1xx_hal_uart.o
 .text.UART_EndTransmit_IT
                0x0000000008003c7a       0x30 ./Drivers/STM32F1xx_HAL_Driver/Src/stm32f1xx_hal_uart.o
 .text.UART_Receive_IT
                0x0000000008003caa      0x17c ./Drivers/STM32F1xx_HAL_Driver/Src/stm32f1xx_hal_uart.o
 *fill*         0x0000000008003e26        0x2 
 .text.UART_SetConfig
                0x0000000008003e28      0x11c ./Drivers/STM32F1xx_HAL_Driver/Src/stm32f1xx_hal_uart.o
 .text.makeFreeRtosPriority
                0x0000000008003f44       0x2e ./Middlewares/Third_Party/FreeRTOS/Source/CMSIS_RTOS/cmsis_os.o
 .text.osKernelStart
                0x0000000008003f72        0xe ./Middlewares/Third_Party/FreeRTOS/Source/CMSIS_RTOS/cmsis_os.o
                0x0000000008003f72                osKernelStart
 .text.osThreadCreate
                0x0000000008003f80       0x98 ./Middlewares/Third_Party/FreeRTOS/Source/CMSIS_RTOS/cmsis_os.o
                0x0000000008003f80                osThreadCreate
 .text.osMessageCreate
                0x0000000008004018       0x50 ./Middlewares/Third_Party/FreeRTOS/Source/CMSIS_RTOS/cmsis_os.o
                0x0000000008004018                osMessageCreate
 .text.xEventGroupCreate
                0x0000000008004068       0x34 ./Middlewares/Third_Party/FreeRTOS/Source/event_groups.o
                0x0000000008004068                xEventGroupCreate
 .text.xEventGroupWaitBits
                0x000000000800409c      0x19c ./Middlewares/Third_Party/FreeRTOS/Source/event_groups.o
                0x000000000800409c                xEventGroupWaitBits
 .text.xEventGroupSetBits
                0x0000000008004238      0x116 ./Middlewares/Third_Party/FreeRTOS/Source/event_groups.o
                0x0000000008004238                xEventGroupSetBits
 .text.prvTestWaitCondition
                0x000000000800434e       0x42 ./Middlewares/Third_Party/FreeRTOS/Source/event_groups.o
 .text.vListInitialise
                0x0000000008004390       0x3e ./Middlewares/Third_Party/FreeRTOS/Source/list.o
                0x0000000008004390                vListInitialise
 .text.vListInitialiseItem
                0x00000000080043ce       0x18 ./Middlewares/Third_Party/FreeRTOS/Source/list.o
                0x00000000080043ce                vListInitialiseItem
 .text.vListInsertEnd
                0x00000000080043e6       0x46 ./Middlewares/Third_Party/FreeRTOS/Source/list.o
                0x00000000080043e6                vListInsertEnd
 .text.vListInsert
                0x000000000800442c       0x70 ./Middlewares/Third_Party/FreeRTOS/Source/list.o
                0x000000000800442c                vListInsert
 .text.uxListRemove
                0x000000000800449c       0x52 ./Middlewares/Third_Party/FreeRTOS/Source/list.o
                0x000000000800449c                uxListRemove
 *fill*         0x00000000080044ee        0x2 
 .text.xQueueGenericReset
                0x00000000080044f0       0xd0 ./Middlewares/Third_Party/FreeRTOS/Source/queue.o
                0x00000000080044f0                xQueueGenericReset
 .text.xQueueGenericCreateStatic
                0x00000000080045c0       0xee ./Middlewares/Third_Party/FreeRTOS/Source/queue.o
                0x00000000080045c0                xQueueGenericCreateStatic
 .text.xQueueGenericCreate
                0x00000000080046ae       0x7c ./Middlewares/Third_Party/FreeRTOS/Source/queue.o
                0x00000000080046ae                xQueueGenericCreate
 .text.prvInitialiseNewQueue
                0x000000000800472a       0x3e ./Middlewares/Third_Party/FreeRTOS/Source/queue.o
 .text.xQueueGenericSend
                0x0000000008004768      0x1fc ./Middlewares/Third_Party/FreeRTOS/Source/queue.o
                0x0000000008004768                xQueueGenericSend
 .text.xQueueReceive
                0x0000000008004964      0x1c0 ./Middlewares/Third_Party/FreeRTOS/Source/queue.o
                0x0000000008004964                xQueueReceive
 .text.prvCopyDataToQueue
                0x0000000008004b24       0xd4 ./Middlewares/Third_Party/FreeRTOS/Source/queue.o
 .text.prvCopyDataFromQueue
                0x0000000008004bf8       0x4c ./Middlewares/Third_Party/FreeRTOS/Source/queue.o
 .text.prvUnlockQueue
                0x0000000008004c44       0xa4 ./Middlewares/Third_Party/FreeRTOS/Source/queue.o
 .text.prvIsQueueEmpty
                0x0000000008004ce8       0x2c ./Middlewares/Third_Party/FreeRTOS/Source/queue.o
 .text.prvIsQueueFull
                0x0000000008004d14       0x30 ./Middlewares/Third_Party/FreeRTOS/Source/queue.o
 .text.xTaskCreateStatic
                0x0000000008004d44       0xb8 ./Middlewares/Third_Party/FreeRTOS/Source/tasks.o
                0x0000000008004d44                xTaskCreateStatic
 .text.xTaskCreate
                0x0000000008004dfc       0x8a ./Middlewares/Third_Party/FreeRTOS/Source/tasks.o
                0x0000000008004dfc                xTaskCreate
 *fill*         0x0000000008004e86        0x2 
 .text.prvInitialiseNewTask
                0x0000000008004e88      0x12c ./Middlewares/Third_Party/FreeRTOS/Source/tasks.o
 .text.prvAddNewTaskToReadyList
                0x0000000008004fb4       0xd4 ./Middlewares/Third_Party/FreeRTOS/Source/tasks.o
 .text.vTaskDelay
                0x0000000008005088       0x68 ./Middlewares/Third_Party/FreeRTOS/Source/tasks.o
                0x0000000008005088                vTaskDelay
 .text.vTaskStartScheduler
                0x00000000080050f0       0xd4 ./Middlewares/Third_Party/FreeRTOS/Source/tasks.o
                0x00000000080050f0                vTaskStartScheduler
 .text.vTaskSuspendAll
                0x00000000080051c4       0x1c ./Middlewares/Third_Party/FreeRTOS/Source/tasks.o
                0x00000000080051c4                vTaskSuspendAll
 .text.xTaskResumeAll
                0x00000000080051e0      0x138 ./Middlewares/Third_Party/FreeRTOS/Source/tasks.o
                0x00000000080051e0                xTaskResumeAll
 .text.xTaskIncrementTick
                0x0000000008005318      0x17c ./Middlewares/Third_Party/FreeRTOS/Source/tasks.o
                0x0000000008005318                xTaskIncrementTick
 .text.vTaskSwitchContext
                0x0000000008005494       0xc4 ./Middlewares/Third_Party/FreeRTOS/Source/tasks.o
                0x0000000008005494                vTaskSwitchContext
 .text.vTaskPlaceOnEventList
                0x0000000008005558       0x48 ./Middlewares/Third_Party/FreeRTOS/Source/tasks.o
                0x0000000008005558                vTaskPlaceOnEventList
 .text.vTaskPlaceOnUnorderedEventList
                0x00000000080055a0       0x78 ./Middlewares/Third_Party/FreeRTOS/Source/tasks.o
                0x00000000080055a0                vTaskPlaceOnUnorderedEventList
 .text.xTaskRemoveFromEventList
                0x0000000008005618       0xc4 ./Middlewares/Third_Party/FreeRTOS/Source/tasks.o
                0x0000000008005618                xTaskRemoveFromEventList
 .text.vTaskRemoveFromUnorderedEventList
                0x00000000080056dc       0xc4 ./Middlewares/Third_Party/FreeRTOS/Source/tasks.o
                0x00000000080056dc                vTaskRemoveFromUnorderedEventList
 .text.vTaskInternalSetTimeOutState
                0x00000000080057a0       0x2c ./Middlewares/Third_Party/FreeRTOS/Source/tasks.o
                0x00000000080057a0                vTaskInternalSetTimeOutState
 .text.xTaskCheckForTimeOut
                0x00000000080057cc       0xc4 ./Middlewares/Third_Party/FreeRTOS/Source/tasks.o
                0x00000000080057cc                xTaskCheckForTimeOut
 .text.vTaskMissedYield
                0x0000000008005890       0x18 ./Middlewares/Third_Party/FreeRTOS/Source/tasks.o
                0x0000000008005890                vTaskMissedYield
 .text.prvIdleTask
                0x00000000080058a8       0x30 ./Middlewares/Third_Party/FreeRTOS/Source/tasks.o
 .text.prvInitialiseTaskLists
                0x00000000080058d8       0x80 ./Middlewares/Third_Party/FreeRTOS/Source/tasks.o
 .text.prvCheckTasksWaitingTermination
                0x0000000008005958       0x5c ./Middlewares/Third_Party/FreeRTOS/Source/tasks.o
 .text.prvDeleteTCB
                0x00000000080059b4       0x68 ./Middlewares/Third_Party/FreeRTOS/Source/tasks.o
 .text.prvResetNextTaskUnblockTime
                0x0000000008005a1c       0x48 ./Middlewares/Third_Party/FreeRTOS/Source/tasks.o
 .text.xTaskGetSchedulerState
                0x0000000008005a64       0x3c ./Middlewares/Third_Party/FreeRTOS/Source/tasks.o
                0x0000000008005a64                xTaskGetSchedulerState
 .text.xTaskPriorityDisinherit
                0x0000000008005aa0      0x10c ./Middlewares/Third_Party/FreeRTOS/Source/tasks.o
                0x0000000008005aa0                xTaskPriorityDisinherit
 .text.uxTaskResetEventItemValue
                0x0000000008005bac       0x30 ./Middlewares/Third_Party/FreeRTOS/Source/tasks.o
                0x0000000008005bac                uxTaskResetEventItemValue
 .text.prvAddCurrentTaskToDelayedList
                0x0000000008005bdc       0xcc ./Middlewares/Third_Party/FreeRTOS/Source/tasks.o
 .text.pxPortInitialiseStack
                0x0000000008005ca8       0x58 ./Middlewares/Third_Party/FreeRTOS/Source/portable/GCC/ARM_CM3/port.o
                0x0000000008005ca8                pxPortInitialiseStack
 .text.prvTaskExitError
                0x0000000008005d00       0x58 ./Middlewares/Third_Party/FreeRTOS/Source/portable/GCC/ARM_CM3/port.o
 *fill*         0x0000000008005d58        0x8 
 .text.SVC_Handler
                0x0000000008005d60       0x28 ./Middlewares/Third_Party/FreeRTOS/Source/portable/GCC/ARM_CM3/port.o
                0x0000000008005d60                SVC_Handler
 .text.prvPortStartFirstTask
                0x0000000008005d88       0x20 ./Middlewares/Third_Party/FreeRTOS/Source/portable/GCC/ARM_CM3/port.o
 .text.xPortStartScheduler
                0x0000000008005da8       0xe4 ./Middlewares/Third_Party/FreeRTOS/Source/portable/GCC/ARM_CM3/port.o
                0x0000000008005da8                xPortStartScheduler
 .text.vPortEnterCritical
                0x0000000008005e8c       0x60 ./Middlewares/Third_Party/FreeRTOS/Source/portable/GCC/ARM_CM3/port.o
                0x0000000008005e8c                vPortEnterCritical
 .text.vPortExitCritical
                0x0000000008005eec       0x50 ./Middlewares/Third_Party/FreeRTOS/Source/portable/GCC/ARM_CM3/port.o
                0x0000000008005eec                vPortExitCritical
 *fill*         0x0000000008005f3c        0x4 
 .text.PendSV_Handler
                0x0000000008005f40       0x48 ./Middlewares/Third_Party/FreeRTOS/Source/portable/GCC/ARM_CM3/port.o
                0x0000000008005f40                PendSV_Handler
 .text.SysTick_Handler
                0x0000000008005f88       0x44 ./Middlewares/Third_Party/FreeRTOS/Source/portable/GCC/ARM_CM3/port.o
                0x0000000008005f88                SysTick_Handler
 .text.vPortSetupTimerInterrupt
                0x0000000008005fcc       0x44 ./Middlewares/Third_Party/FreeRTOS/Source/portable/GCC/ARM_CM3/port.o
                0x0000000008005fcc                vPortSetupTimerInterrupt
 .text.pvPortMalloc
                0x0000000008006010      0x188 ./Middlewares/Third_Party/FreeRTOS/Source/portable/MemMang/heap_4.o
                0x0000000008006010                pvPortMalloc
 .text.vPortFree
                0x0000000008006198       0xb4 ./Middlewares/Third_Party/FreeRTOS/Source/portable/MemMang/heap_4.o
                0x0000000008006198                vPortFree
 .text.prvHeapInit
                0x000000000800624c       0xc4 ./Middlewares/Third_Party/FreeRTOS/Source/portable/MemMang/heap_4.o
 .text.prvInsertBlockIntoFreeList
                0x0000000008006310       0xb0 ./Middlewares/Third_Party/FreeRTOS/Source/portable/MemMang/heap_4.o
 .text.ADC_IN_2
                0x00000000080063c0       0x3c ./icode/adc/adc.o
                0x00000000080063c0                ADC_IN_2
 .text.esp8266_send_cmd
                0x00000000080063fc       0x8c ./icode/aliyun/esp8266/esp8266.o
                0x00000000080063fc                esp8266_send_cmd
 .text.esp8266_check_cmd
                0x0000000008006488       0x4c ./icode/aliyun/esp8266/esp8266.o
                0x0000000008006488                esp8266_check_cmd
 .text.esp8266_quit_trans
                0x00000000080064d4       0x70 ./icode/aliyun/esp8266/esp8266.o
                0x00000000080064d4                esp8266_quit_trans
 .text.esp8266_Connect_IOTServer
                0x0000000008006544      0x1f4 ./icode/aliyun/esp8266/esp8266.o
                0x0000000008006544                esp8266_Connect_IOTServer
 .text.esp8266_Connect_AP
                0x0000000008006738       0x6c ./icode/aliyun/esp8266/esp8266.o
                0x0000000008006738                esp8266_Connect_AP
 .text.esp8266_Connect_Server
                0x00000000080067a4       0x6c ./icode/aliyun/esp8266/esp8266.o
                0x00000000080067a4                esp8266_Connect_Server
 .text.utils_hmac_sha1
                0x0000000008006810      0x1da ./icode/aliyun/hmac/utils_hmac.o
                0x0000000008006810                utils_hmac_sha1
 .text.utils_hb2hex
                0x00000000080069ea       0x34 ./icode/aliyun/hmac/utils_md5.o
                0x00000000080069ea                utils_hb2hex
 .text.utils_sha1_init
                0x0000000008006a1e       0x1a ./icode/aliyun/hmac/utils_sha1.o
                0x0000000008006a1e                utils_sha1_init
 .text.utils_sha1_starts
                0x0000000008006a38       0x50 ./icode/aliyun/hmac/utils_sha1.o
                0x0000000008006a38                utils_sha1_starts
 .text.utils_sha1_process
                0x0000000008006a88     0x167c ./icode/aliyun/hmac/utils_sha1.o
                0x0000000008006a88                utils_sha1_process
 .text.utils_sha1_update
                0x0000000008008104       0xce ./icode/aliyun/hmac/utils_sha1.o
                0x0000000008008104                utils_sha1_update
 *fill*         0x00000000080081d2        0x2 
 .text.utils_sha1_finish
                0x00000000080081d4      0x1b0 ./icode/aliyun/hmac/utils_sha1.o
                0x00000000080081d4                utils_sha1_finish
 .text.__NVIC_SystemReset
                0x0000000008008384       0x2c ./icode/aliyun/iot/iot.o
 .text.IOT_connect
                0x00000000080083b0      0x1d0 ./icode/aliyun/iot/iot.o
                0x00000000080083b0                IOT_connect
 .text.IOT_ping
                0x0000000008008580       0x38 ./icode/aliyun/iot/iot.o
                0x0000000008008580                IOT_ping
 .text.MQTTSerialize_connectLength
                0x00000000080085b8       0xc2 ./icode/aliyun/mqtt/MQTTConnectClient.o
                0x00000000080085b8                MQTTSerialize_connectLength
 *fill*         0x000000000800867a        0x2 
 .text.MQTTSerialize_connect
                0x000000000800867c      0x1d8 ./icode/aliyun/mqtt/MQTTConnectClient.o
                0x000000000800867c                MQTTSerialize_connect
 .text.MQTTDeserialize_connack
                0x0000000008008854       0xaa ./icode/aliyun/mqtt/MQTTConnectClient.o
                0x0000000008008854                MQTTDeserialize_connack
 .text.MQTTSerialize_zero
                0x00000000080088fe       0x70 ./icode/aliyun/mqtt/MQTTConnectClient.o
                0x00000000080088fe                MQTTSerialize_zero
 .text.MQTTSerialize_pingreq
                0x000000000800896e       0x1e ./icode/aliyun/mqtt/MQTTConnectClient.o
                0x000000000800896e                MQTTSerialize_pingreq
 .text.MQTTPacket_encode
                0x000000000800898c       0x5c ./icode/aliyun/mqtt/MQTTPacket.o
                0x000000000800898c                MQTTPacket_encode
 .text.MQTTPacket_decode
                0x00000000080089e8       0x78 ./icode/aliyun/mqtt/MQTTPacket.o
                0x00000000080089e8                MQTTPacket_decode
 .text.MQTTPacket_len
                0x0000000008008a60       0x54 ./icode/aliyun/mqtt/MQTTPacket.o
                0x0000000008008a60                MQTTPacket_len
 .text.bufchar  0x0000000008008ab4       0x40 ./icode/aliyun/mqtt/MQTTPacket.o
                0x0000000008008ab4                bufchar
 .text.MQTTPacket_decodeBuf
                0x0000000008008af4       0x2c ./icode/aliyun/mqtt/MQTTPacket.o
                0x0000000008008af4                MQTTPacket_decodeBuf
 .text.readChar
                0x0000000008008b20       0x26 ./icode/aliyun/mqtt/MQTTPacket.o
                0x0000000008008b20                readChar
 .text.writeChar
                0x0000000008008b46       0x28 ./icode/aliyun/mqtt/MQTTPacket.o
                0x0000000008008b46                writeChar
 .text.writeInt
                0x0000000008008b6e       0x50 ./icode/aliyun/mqtt/MQTTPacket.o
                0x0000000008008b6e                writeInt
 .text.writeCString
                0x0000000008008bbe       0x3e ./icode/aliyun/mqtt/MQTTPacket.o
                0x0000000008008bbe                writeCString
 .text.writeMQTTString
                0x0000000008008bfc       0x5c ./icode/aliyun/mqtt/MQTTPacket.o
                0x0000000008008bfc                writeMQTTString
 .text.MQTTstrlen
                0x0000000008008c58       0x32 ./icode/aliyun/mqtt/MQTTPacket.o
                0x0000000008008c58                MQTTstrlen
 .text.MQTTPacket_read
                0x0000000008008c8a       0xa0 ./icode/aliyun/mqtt/MQTTPacket.o
                0x0000000008008c8a                MQTTPacket_read
 .text.MQTTSerialize_publishLength
                0x0000000008008d2a       0x40 ./icode/aliyun/mqtt/MQTTSerializePublish.o
                0x0000000008008d2a                MQTTSerialize_publishLength
 .text.MQTTSerialize_publish
                0x0000000008008d6a       0xec ./icode/aliyun/mqtt/MQTTSerializePublish.o
                0x0000000008008d6a                MQTTSerialize_publish
 *fill*         0x0000000008008e56        0x2 
 .text.transport_sendPacketBuffer
                0x0000000008008e58       0x44 ./icode/aliyun/mqtt/transport.o
                0x0000000008008e58                transport_sendPacketBuffer
 .text.transport_getdata
                0x0000000008008e9c       0x38 ./icode/aliyun/mqtt/transport.o
                0x0000000008008e9c                transport_getdata
 .text.delay_us
                0x0000000008008ed4       0x38 ./icode/delay/delay.o
                0x0000000008008ed4                delay_us
 .text.DHT11_IO_OUT
                0x0000000008008f0c       0x38 ./icode/dht11/dht11.o
                0x0000000008008f0c                DHT11_IO_OUT
 .text.DHT11_IO_IN
                0x0000000008008f44       0x34 ./icode/dht11/dht11.o
                0x0000000008008f44                DHT11_IO_IN
 .text.DHT11_RST
                0x0000000008008f78       0x30 ./icode/dht11/dht11.o
                0x0000000008008f78                DHT11_RST
 .text.Dht11_Check
                0x0000000008008fa8       0x78 ./icode/dht11/dht11.o
                0x0000000008008fa8                Dht11_Check
 .text.Dht11_ReadBit
                0x0000000008009020       0x78 ./icode/dht11/dht11.o
                0x0000000008009020                Dht11_ReadBit
 .text.Dht11_ReadByte
                0x0000000008009098       0x3a ./icode/dht11/dht11.o
                0x0000000008009098                Dht11_ReadByte
 .text.DHT11_ReadData
                0x00000000080090d2       0x74 ./icode/dht11/dht11.o
                0x00000000080090d2                DHT11_ReadData
 *fill*         0x0000000008009146        0x2 
 .text.HAL_UART_RxCpltCallback
                0x0000000008009148       0x88 ./icode/usart/usart.o
                0x0000000008009148                HAL_UART_RxCpltCallback
 .text.usart_printf
                0x00000000080091d0       0x6c ./icode/usart/usart.o
                0x00000000080091d0                usart_printf
 .text.__errno  0x000000000800923c        0xc c:/st/stm32cubeide_1.8.0/stm32cubeide/plugins/com.st.stm32cube.ide.mcu.externaltools.gnu-tools-for-stm32.9-2020-q2-update.win32_2.0.0.202105311346/tools/bin/../lib/gcc/arm-none-eabi/9.3.1/../../../../arm-none-eabi/lib/thumb/v7-m/nofp\libc_nano.a(lib_a-errno.o)
                0x000000000800923c                __errno
 .text.std      0x0000000008009248       0x48 c:/st/stm32cubeide_1.8.0/stm32cubeide/plugins/com.st.stm32cube.ide.mcu.externaltools.gnu-tools-for-stm32.9-2020-q2-update.win32_2.0.0.202105311346/tools/bin/../lib/gcc/arm-none-eabi/9.3.1/../../../../arm-none-eabi/lib/thumb/v7-m/nofp\libc_nano.a(lib_a-findfp.o)
 .text._cleanup_r
                0x0000000008009290        0xc c:/st/stm32cubeide_1.8.0/stm32cubeide/plugins/com.st.stm32cube.ide.mcu.externaltools.gnu-tools-for-stm32.9-2020-q2-update.win32_2.0.0.202105311346/tools/bin/../lib/gcc/arm-none-eabi/9.3.1/../../../../arm-none-eabi/lib/thumb/v7-m/nofp\libc_nano.a(lib_a-findfp.o)
                0x0000000008009290                _cleanup_r
 .text.__sfmoreglue
                0x000000000800929c       0x2c c:/st/stm32cubeide_1.8.0/stm32cubeide/plugins/com.st.stm32cube.ide.mcu.externaltools.gnu-tools-for-stm32.9-2020-q2-update.win32_2.0.0.202105311346/tools/bin/../lib/gcc/arm-none-eabi/9.3.1/../../../../arm-none-eabi/lib/thumb/v7-m/nofp\libc_nano.a(lib_a-findfp.o)
                0x000000000800929c                __sfmoreglue
 .text.__sfp_lock_acquire
                0x00000000080092c8        0xc c:/st/stm32cubeide_1.8.0/stm32cubeide/plugins/com.st.stm32cube.ide.mcu.externaltools.gnu-tools-for-stm32.9-2020-q2-update.win32_2.0.0.202105311346/tools/bin/../lib/gcc/arm-none-eabi/9.3.1/../../../../arm-none-eabi/lib/thumb/v7-m/nofp\libc_nano.a(lib_a-findfp.o)
                0x00000000080092c8                __sfp_lock_acquire
 .text.__sfp_lock_release
                0x00000000080092d4        0xc c:/st/stm32cubeide_1.8.0/stm32cubeide/plugins/com.st.stm32cube.ide.mcu.externaltools.gnu-tools-for-stm32.9-2020-q2-update.win32_2.0.0.202105311346/tools/bin/../lib/gcc/arm-none-eabi/9.3.1/../../../../arm-none-eabi/lib/thumb/v7-m/nofp\libc_nano.a(lib_a-findfp.o)
                0x00000000080092d4                __sfp_lock_release
 .text.__sinit_lock_acquire
                0x00000000080092e0        0xc c:/st/stm32cubeide_1.8.0/stm32cubeide/plugins/com.st.stm32cube.ide.mcu.externaltools.gnu-tools-for-stm32.9-2020-q2-update.win32_2.0.0.202105311346/tools/bin/../lib/gcc/arm-none-eabi/9.3.1/../../../../arm-none-eabi/lib/thumb/v7-m/nofp\libc_nano.a(lib_a-findfp.o)
                0x00000000080092e0                __sinit_lock_acquire
 .text.__sinit_lock_release
                0x00000000080092ec        0xc c:/st/stm32cubeide_1.8.0/stm32cubeide/plugins/com.st.stm32cube.ide.mcu.externaltools.gnu-tools-for-stm32.9-2020-q2-update.win32_2.0.0.202105311346/tools/bin/../lib/gcc/arm-none-eabi/9.3.1/../../../../arm-none-eabi/lib/thumb/v7-m/nofp\libc_nano.a(lib_a-findfp.o)
                0x00000000080092ec                __sinit_lock_release
 .text.__sinit  0x00000000080092f8       0x70 c:/st/stm32cubeide_1.8.0/stm32cubeide/plugins/com.st.stm32cube.ide.mcu.externaltools.gnu-tools-for-stm32.9-2020-q2-update.win32_2.0.0.202105311346/tools/bin/../lib/gcc/arm-none-eabi/9.3.1/../../../../arm-none-eabi/lib/thumb/v7-m/nofp\libc_nano.a(lib_a-findfp.o)
                0x00000000080092f8                __sinit
 .text.__sfp    0x0000000008009368       0x8c c:/st/stm32cubeide_1.8.0/stm32cubeide/plugins/com.st.stm32cube.ide.mcu.externaltools.gnu-tools-for-stm32.9-2020-q2-update.win32_2.0.0.202105311346/tools/bin/../lib/gcc/arm-none-eabi/9.3.1/../../../../arm-none-eabi/lib/thumb/v7-m/nofp\libc_nano.a(lib_a-findfp.o)
                0x0000000008009368                __sfp
 .text._fwalk_reent
                0x00000000080093f4       0x3e c:/st/stm32cubeide_1.8.0/stm32cubeide/plugins/com.st.stm32cube.ide.mcu.externaltools.gnu-tools-for-stm32.9-2020-q2-update.win32_2.0.0.202105311346/tools/bin/../lib/gcc/arm-none-eabi/9.3.1/../../../../arm-none-eabi/lib/thumb/v7-m/nofp\libc_nano.a(lib_a-fwalk.o)
                0x00000000080093f4                _fwalk_reent
 *fill*         0x0000000008009432        0x2 
 .text.__libc_init_array
                0x0000000008009434       0x48 c:/st/stm32cubeide_1.8.0/stm32cubeide/plugins/com.st.stm32cube.ide.mcu.externaltools.gnu-tools-for-stm32.9-2020-q2-update.win32_2.0.0.202105311346/tools/bin/../lib/gcc/arm-none-eabi/9.3.1/../../../../arm-none-eabi/lib/thumb/v7-m/nofp\libc_nano.a(lib_a-init.o)
                0x0000000008009434                __libc_init_array
 .text.__retarget_lock_init_recursive
                0x000000000800947c        0x2 c:/st/stm32cubeide_1.8.0/stm32cubeide/plugins/com.st.stm32cube.ide.mcu.externaltools.gnu-tools-for-stm32.9-2020-q2-update.win32_2.0.0.202105311346/tools/bin/../lib/gcc/arm-none-eabi/9.3.1/../../../../arm-none-eabi/lib/thumb/v7-m/nofp\libc_nano.a(lib_a-lock.o)
                0x000000000800947c                __retarget_lock_init_recursive
 .text.__retarget_lock_acquire_recursive
                0x000000000800947e        0x2 c:/st/stm32cubeide_1.8.0/stm32cubeide/plugins/com.st.stm32cube.ide.mcu.externaltools.gnu-tools-for-stm32.9-2020-q2-update.win32_2.0.0.202105311346/tools/bin/../lib/gcc/arm-none-eabi/9.3.1/../../../../arm-none-eabi/lib/thumb/v7-m/nofp\libc_nano.a(lib_a-lock.o)
                0x000000000800947e                __retarget_lock_acquire_recursive
 .text.__retarget_lock_release_recursive
                0x0000000008009480        0x2 c:/st/stm32cubeide_1.8.0/stm32cubeide/plugins/com.st.stm32cube.ide.mcu.externaltools.gnu-tools-for-stm32.9-2020-q2-update.win32_2.0.0.202105311346/tools/bin/../lib/gcc/arm-none-eabi/9.3.1/../../../../arm-none-eabi/lib/thumb/v7-m/nofp\libc_nano.a(lib_a-lock.o)
                0x0000000008009480                __retarget_lock_release_recursive
 *fill*         0x0000000008009482        0x2 
 .text.malloc   0x0000000008009484       0x10 c:/st/stm32cubeide_1.8.0/stm32cubeide/plugins/com.st.stm32cube.ide.mcu.externaltools.gnu-tools-for-stm32.9-2020-q2-update.win32_2.0.0.202105311346/tools/bin/../lib/gcc/arm-none-eabi/9.3.1/../../../../arm-none-eabi/lib/thumb/v7-m/nofp\libc_nano.a(lib_a-malloc.o)
                0x0000000008009484                malloc
 .text.free     0x0000000008009494       0x10 c:/st/stm32cubeide_1.8.0/stm32cubeide/plugins/com.st.stm32cube.ide.mcu.externaltools.gnu-tools-for-stm32.9-2020-q2-update.win32_2.0.0.202105311346/tools/bin/../lib/gcc/arm-none-eabi/9.3.1/../../../../arm-none-eabi/lib/thumb/v7-m/nofp\libc_nano.a(lib_a-malloc.o)
                0x0000000008009494                free
 .text.memcpy   0x00000000080094a4       0x1c c:/st/stm32cubeide_1.8.0/stm32cubeide/plugins/com.st.stm32cube.ide.mcu.externaltools.gnu-tools-for-stm32.9-2020-q2-update.win32_2.0.0.202105311346/tools/bin/../lib/gcc/arm-none-eabi/9.3.1/../../../../arm-none-eabi/lib/thumb/v7-m/nofp\libc_nano.a(lib_a-memcpy-stub.o)
                0x00000000080094a4                memcpy
 .text.memset   0x00000000080094c0       0x10 c:/st/stm32cubeide_1.8.0/stm32cubeide/plugins/com.st.stm32cube.ide.mcu.externaltools.gnu-tools-for-stm32.9-2020-q2-update.win32_2.0.0.202105311346/tools/bin/../lib/gcc/arm-none-eabi/9.3.1/../../../../arm-none-eabi/lib/thumb/v7-m/nofp\libc_nano.a(lib_a-memset.o)
                0x00000000080094c0                memset
 .text._free_r  0x00000000080094d0       0x98 c:/st/stm32cubeide_1.8.0/stm32cubeide/plugins/com.st.stm32cube.ide.mcu.externaltools.gnu-tools-for-stm32.9-2020-q2-update.win32_2.0.0.202105311346/tools/bin/../lib/gcc/arm-none-eabi/9.3.1/../../../../arm-none-eabi/lib/thumb/v7-m/nofp\libc_nano.a(lib_a-nano-freer.o)
                0x00000000080094d0                _free_r
 .text._malloc_r
                0x0000000008009568       0xb4 c:/st/stm32cubeide_1.8.0/stm32cubeide/plugins/com.st.stm32cube.ide.mcu.externaltools.gnu-tools-for-stm32.9-2020-q2-update.win32_2.0.0.202105311346/tools/bin/../lib/gcc/arm-none-eabi/9.3.1/../../../../arm-none-eabi/lib/thumb/v7-m/nofp\libc_nano.a(lib_a-nano-mallocr.o)
                0x0000000008009568                _malloc_r
 .text.printf   0x000000000800961c       0x30 c:/st/stm32cubeide_1.8.0/stm32cubeide/plugins/com.st.stm32cube.ide.mcu.externaltools.gnu-tools-for-stm32.9-2020-q2-update.win32_2.0.0.202105311346/tools/bin/../lib/gcc/arm-none-eabi/9.3.1/../../../../arm-none-eabi/lib/thumb/v7-m/nofp\libc_nano.a(lib_a-printf.o)
                0x000000000800961c                iprintf
                0x000000000800961c                printf
 .text.cleanup_glue
                0x000000000800964c       0x1a c:/st/stm32cubeide_1.8.0/stm32cubeide/plugins/com.st.stm32cube.ide.mcu.externaltools.gnu-tools-for-stm32.9-2020-q2-update.win32_2.0.0.202105311346/tools/bin/../lib/gcc/arm-none-eabi/9.3.1/../../../../arm-none-eabi/lib/thumb/v7-m/nofp\libc_nano.a(lib_a-reent.o)
                0x000000000800964c                cleanup_glue
 *fill*         0x0000000008009666        0x2 
 .text._reclaim_reent
                0x0000000008009668       0xb8 c:/st/stm32cubeide_1.8.0/stm32cubeide/plugins/com.st.stm32cube.ide.mcu.externaltools.gnu-tools-for-stm32.9-2020-q2-update.win32_2.0.0.202105311346/tools/bin/../lib/gcc/arm-none-eabi/9.3.1/../../../../arm-none-eabi/lib/thumb/v7-m/nofp\libc_nano.a(lib_a-reent.o)
                0x0000000008009668                _reclaim_reent
 .text._sbrk_r  0x0000000008009720       0x20 c:/st/stm32cubeide_1.8.0/stm32cubeide/plugins/com.st.stm32cube.ide.mcu.externaltools.gnu-tools-for-stm32.9-2020-q2-update.win32_2.0.0.202105311346/tools/bin/../lib/gcc/arm-none-eabi/9.3.1/../../../../arm-none-eabi/lib/thumb/v7-m/nofp\libc_nano.a(lib_a-sbrkr.o)
                0x0000000008009720                _sbrk_r
 .text.sprintf  0x0000000008009740       0x40 c:/st/stm32cubeide_1.8.0/stm32cubeide/plugins/com.st.stm32cube.ide.mcu.externaltools.gnu-tools-for-stm32.9-2020-q2-update.win32_2.0.0.202105311346/tools/bin/../lib/gcc/arm-none-eabi/9.3.1/../../../../arm-none-eabi/lib/thumb/v7-m/nofp\libc_nano.a(lib_a-sprintf.o)
                0x0000000008009740                siprintf
                0x0000000008009740                sprintf
 .text.__sread  0x0000000008009780       0x22 c:/st/stm32cubeide_1.8.0/stm32cubeide/plugins/com.st.stm32cube.ide.mcu.externaltools.gnu-tools-for-stm32.9-2020-q2-update.win32_2.0.0.202105311346/tools/bin/../lib/gcc/arm-none-eabi/9.3.1/../../../../arm-none-eabi/lib/thumb/v7-m/nofp\libc_nano.a(lib_a-stdio.o)
                0x0000000008009780                __sread
 .text.__swrite
                0x00000000080097a2       0x38 c:/st/stm32cubeide_1.8.0/stm32cubeide/plugins/com.st.stm32cube.ide.mcu.externaltools.gnu-tools-for-stm32.9-2020-q2-update.win32_2.0.0.202105311346/tools/bin/../lib/gcc/arm-none-eabi/9.3.1/../../../../arm-none-eabi/lib/thumb/v7-m/nofp\libc_nano.a(lib_a-stdio.o)
                0x00000000080097a2                __swrite
 .text.__sseek  0x00000000080097da       0x24 c:/st/stm32cubeide_1.8.0/stm32cubeide/plugins/com.st.stm32cube.ide.mcu.externaltools.gnu-tools-for-stm32.9-2020-q2-update.win32_2.0.0.202105311346/tools/bin/../lib/gcc/arm-none-eabi/9.3.1/../../../../arm-none-eabi/lib/thumb/v7-m/nofp\libc_nano.a(lib_a-stdio.o)
                0x00000000080097da                __sseek
 .text.__sclose
                0x00000000080097fe        0x8 c:/st/stm32cubeide_1.8.0/stm32cubeide/plugins/com.st.stm32cube.ide.mcu.externaltools.gnu-tools-for-stm32.9-2020-q2-update.win32_2.0.0.202105311346/tools/bin/../lib/gcc/arm-none-eabi/9.3.1/../../../../arm-none-eabi/lib/thumb/v7-m/nofp\libc_nano.a(lib_a-stdio.o)
                0x00000000080097fe                __sclose
 .text.strstr   0x0000000008009806       0x2e c:/st/stm32cubeide_1.8.0/stm32cubeide/plugins/com.st.stm32cube.ide.mcu.externaltools.gnu-tools-for-stm32.9-2020-q2-update.win32_2.0.0.202105311346/tools/bin/../lib/gcc/arm-none-eabi/9.3.1/../../../../arm-none-eabi/lib/thumb/v7-m/nofp\libc_nano.a(lib_a-strstr.o)
                0x0000000008009806                strstr
 .text._vsnprintf_r
                0x0000000008009834       0x58 c:/st/stm32cubeide_1.8.0/stm32cubeide/plugins/com.st.stm32cube.ide.mcu.externaltools.gnu-tools-for-stm32.9-2020-q2-update.win32_2.0.0.202105311346/tools/bin/../lib/gcc/arm-none-eabi/9.3.1/../../../../arm-none-eabi/lib/thumb/v7-m/nofp\libc_nano.a(lib_a-vsnprintf.o)
                0x0000000008009834                _vsniprintf_r
                0x0000000008009834                _vsnprintf_r
 .text.vsnprintf
                0x000000000800988c       0x1c c:/st/stm32cubeide_1.8.0/stm32cubeide/plugins/com.st.stm32cube.ide.mcu.externaltools.gnu-tools-for-stm32.9-2020-q2-update.win32_2.0.0.202105311346/tools/bin/../lib/gcc/arm-none-eabi/9.3.1/../../../../arm-none-eabi/lib/thumb/v7-m/nofp\libc_nano.a(lib_a-vsnprintf.o)
                0x000000000800988c                vsniprintf
                0x000000000800988c                vsnprintf
 .text._write_r
                0x00000000080098a8       0x24 c:/st/stm32cubeide_1.8.0/stm32cubeide/plugins/com.st.stm32cube.ide.mcu.externaltools.gnu-tools-for-stm32.9-2020-q2-update.win32_2.0.0.202105311346/tools/bin/../lib/gcc/arm-none-eabi/9.3.1/../../../../arm-none-eabi/lib/thumb/v7-m/nofp\libc_nano.a(lib_a-writer.o)
                0x00000000080098a8                _write_r
 .text._close_r
                0x00000000080098cc       0x20 c:/st/stm32cubeide_1.8.0/stm32cubeide/plugins/com.st.stm32cube.ide.mcu.externaltools.gnu-tools-for-stm32.9-2020-q2-update.win32_2.0.0.202105311346/tools/bin/../lib/gcc/arm-none-eabi/9.3.1/../../../../arm-none-eabi/lib/thumb/v7-m/nofp\libc_nano.a(lib_a-closer.o)
                0x00000000080098cc                _close_r
 .text.__sflush_r
                0x00000000080098ec      0x10c c:/st/stm32cubeide_1.8.0/stm32cubeide/plugins/com.st.stm32cube.ide.mcu.externaltools.gnu-tools-for-stm32.9-2020-q2-update.win32_2.0.0.202105311346/tools/bin/../lib/gcc/arm-none-eabi/9.3.1/../../../../arm-none-eabi/lib/thumb/v7-m/nofp\libc_nano.a(lib_a-fflush.o)
                0x00000000080098ec                __sflush_r
 .text._fflush_r
                0x00000000080099f8       0x78 c:/st/stm32cubeide_1.8.0/stm32cubeide/plugins/com.st.stm32cube.ide.mcu.externaltools.gnu-tools-for-stm32.9-2020-q2-update.win32_2.0.0.202105311346/tools/bin/../lib/gcc/arm-none-eabi/9.3.1/../../../../arm-none-eabi/lib/thumb/v7-m/nofp\libc_nano.a(lib_a-fflush.o)
                0x00000000080099f8                _fflush_r
 .text._lseek_r
                0x0000000008009a70       0x24 c:/st/stm32cubeide_1.8.0/stm32cubeide/plugins/com.st.stm32cube.ide.mcu.externaltools.gnu-tools-for-stm32.9-2020-q2-update.win32_2.0.0.202105311346/tools/bin/../lib/gcc/arm-none-eabi/9.3.1/../../../../arm-none-eabi/lib/thumb/v7-m/nofp\libc_nano.a(lib_a-lseekr.o)
                0x0000000008009a70                _lseek_r
 .text.__malloc_lock
                0x0000000008009a94        0xc c:/st/stm32cubeide_1.8.0/stm32cubeide/plugins/com.st.stm32cube.ide.mcu.externaltools.gnu-tools-for-stm32.9-2020-q2-update.win32_2.0.0.202105311346/tools/bin/../lib/gcc/arm-none-eabi/9.3.1/../../../../arm-none-eabi/lib/thumb/v7-m/nofp\libc_nano.a(lib_a-mlock.o)
                0x0000000008009a94                __malloc_lock
 .text.__malloc_unlock
                0x0000000008009aa0        0xc c:/st/stm32cubeide_1.8.0/stm32cubeide/plugins/com.st.stm32cube.ide.mcu.externaltools.gnu-tools-for-stm32.9-2020-q2-update.win32_2.0.0.202105311346/tools/bin/../lib/gcc/arm-none-eabi/9.3.1/../../../../arm-none-eabi/lib/thumb/v7-m/nofp\libc_nano.a(lib_a-mlock.o)
                0x0000000008009aa0                __malloc_unlock
 .text.__ssputs_r
                0x0000000008009aac       0xb6 c:/st/stm32cubeide_1.8.0/stm32cubeide/plugins/com.st.stm32cube.ide.mcu.externaltools.gnu-tools-for-stm32.9-2020-q2-update.win32_2.0.0.202105311346/tools/bin/../lib/gcc/arm-none-eabi/9.3.1/../../../../arm-none-eabi/lib/thumb/v7-m/nofp\libc_nano.a(lib_a-nano-svfprintf.o)
                0x0000000008009aac                __ssputs_r
 *fill*         0x0000000008009b62        0x2 
 .text._svfprintf_r
                0x0000000008009b64      0x200 c:/st/stm32cubeide_1.8.0/stm32cubeide/plugins/com.st.stm32cube.ide.mcu.externaltools.gnu-tools-for-stm32.9-2020-q2-update.win32_2.0.0.202105311346/tools/bin/../lib/gcc/arm-none-eabi/9.3.1/../../../../arm-none-eabi/lib/thumb/v7-m/nofp\libc_nano.a(lib_a-nano-svfprintf.o)
                0x0000000008009b64                _svfiprintf_r
                0x0000000008009b64                _svfprintf_r
 .text.__sfputc_r
                0x0000000008009d64       0x2a c:/st/stm32cubeide_1.8.0/stm32cubeide/plugins/com.st.stm32cube.ide.mcu.externaltools.gnu-tools-for-stm32.9-2020-q2-update.win32_2.0.0.202105311346/tools/bin/../lib/gcc/arm-none-eabi/9.3.1/../../../../arm-none-eabi/lib/thumb/v7-m/nofp\libc_nano.a(lib_a-nano-vfprintf.o)
 .text.__sfputs_r
                0x0000000008009d8e       0x24 c:/st/stm32cubeide_1.8.0/stm32cubeide/plugins/com.st.stm32cube.ide.mcu.externaltools.gnu-tools-for-stm32.9-2020-q2-update.win32_2.0.0.202105311346/tools/bin/../lib/gcc/arm-none-eabi/9.3.1/../../../../arm-none-eabi/lib/thumb/v7-m/nofp\libc_nano.a(lib_a-nano-vfprintf.o)
                0x0000000008009d8e                __sfputs_r
 *fill*         0x0000000008009db2        0x2 
 .text._vfprintf_r
                0x0000000008009db4      0x260 c:/st/stm32cubeide_1.8.0/stm32cubeide/plugins/com.st.stm32cube.ide.mcu.externaltools.gnu-tools-for-stm32.9-2020-q2-update.win32_2.0.0.202105311346/tools/bin/../lib/gcc/arm-none-eabi/9.3.1/../../../../arm-none-eabi/lib/thumb/v7-m/nofp\libc_nano.a(lib_a-nano-vfprintf.o)
                0x0000000008009db4                _vfprintf_r
                0x0000000008009db4                _vfiprintf_r
 .text._printf_common
                0x000000000800a014       0xde c:/st/stm32cubeide_1.8.0/stm32cubeide/plugins/com.st.stm32cube.ide.mcu.externaltools.gnu-tools-for-stm32.9-2020-q2-update.win32_2.0.0.202105311346/tools/bin/../lib/gcc/arm-none-eabi/9.3.1/../../../../arm-none-eabi/lib/thumb/v7-m/nofp\libc_nano.a(lib_a-nano-vfprintf_i.o)
                0x000000000800a014                _printf_common
 *fill*         0x000000000800a0f2        0x2 
 .text._printf_i
                0x000000000800a0f4      0x24c c:/st/stm32cubeide_1.8.0/stm32cubeide/plugins/com.st.stm32cube.ide.mcu.externaltools.gnu-tools-for-stm32.9-2020-q2-update.win32_2.0.0.202105311346/tools/bin/../lib/gcc/arm-none-eabi/9.3.1/../../../../arm-none-eabi/lib/thumb/v7-m/nofp\libc_nano.a(lib_a-nano-vfprintf_i.o)
                0x000000000800a0f4                _printf_i
 .text._read_r  0x000000000800a340       0x24 c:/st/stm32cubeide_1.8.0/stm32cubeide/plugins/com.st.stm32cube.ide.mcu.externaltools.gnu-tools-for-stm32.9-2020-q2-update.win32_2.0.0.202105311346/tools/bin/../lib/gcc/arm-none-eabi/9.3.1/../../../../arm-none-eabi/lib/thumb/v7-m/nofp\libc_nano.a(lib_a-readr.o)
                0x000000000800a340                _read_r
 .text.__swbuf_r
                0x000000000800a364       0xa4 c:/st/stm32cubeide_1.8.0/stm32cubeide/plugins/com.st.stm32cube.ide.mcu.externaltools.gnu-tools-for-stm32.9-2020-q2-update.win32_2.0.0.202105311346/tools/bin/../lib/gcc/arm-none-eabi/9.3.1/../../../../arm-none-eabi/lib/thumb/v7-m/nofp\libc_nano.a(lib_a-wbuf.o)
                0x000000000800a364                __swbuf_r
 .text.__swsetup_r
                0x000000000800a408       0xdc c:/st/stm32cubeide_1.8.0/stm32cubeide/plugins/com.st.stm32cube.ide.mcu.externaltools.gnu-tools-for-stm32.9-2020-q2-update.win32_2.0.0.202105311346/tools/bin/../lib/gcc/arm-none-eabi/9.3.1/../../../../arm-none-eabi/lib/thumb/v7-m/nofp\libc_nano.a(lib_a-wsetup.o)
                0x000000000800a408                __swsetup_r
 .text.__swhatbuf_r
                0x000000000800a4e4       0x48 c:/st/stm32cubeide_1.8.0/stm32cubeide/plugins/com.st.stm32cube.ide.mcu.externaltools.gnu-tools-for-stm32.9-2020-q2-update.win32_2.0.0.202105311346/tools/bin/../lib/gcc/arm-none-eabi/9.3.1/../../../../arm-none-eabi/lib/thumb/v7-m/nofp\libc_nano.a(lib_a-makebuf.o)
                0x000000000800a4e4                __swhatbuf_r
 .text.__smakebuf_r
                0x000000000800a52c       0x80 c:/st/stm32cubeide_1.8.0/stm32cubeide/plugins/com.st.stm32cube.ide.mcu.externaltools.gnu-tools-for-stm32.9-2020-q2-update.win32_2.0.0.202105311346/tools/bin/../lib/gcc/arm-none-eabi/9.3.1/../../../../arm-none-eabi/lib/thumb/v7-m/nofp\libc_nano.a(lib_a-makebuf.o)
                0x000000000800a52c                __smakebuf_r
 .text.memchr   0x000000000800a5ac       0x1c c:/st/stm32cubeide_1.8.0/stm32cubeide/plugins/com.st.stm32cube.ide.mcu.externaltools.gnu-tools-for-stm32.9-2020-q2-update.win32_2.0.0.202105311346/tools/bin/../lib/gcc/arm-none-eabi/9.3.1/../../../../arm-none-eabi/lib/thumb/v7-m/nofp\libc_nano.a(lib_a-memchr-stub.o)
                0x000000000800a5ac                memchr
 .text.memmove  0x000000000800a5c8       0x34 c:/st/stm32cubeide_1.8.0/stm32cubeide/plugins/com.st.stm32cube.ide.mcu.externaltools.gnu-tools-for-stm32.9-2020-q2-update.win32_2.0.0.202105311346/tools/bin/../lib/gcc/arm-none-eabi/9.3.1/../../../../arm-none-eabi/lib/thumb/v7-m/nofp\libc_nano.a(lib_a-memmove.o)
                0x000000000800a5c8                memmove
 .text._realloc_r
                0x000000000800a5fc       0x4c c:/st/stm32cubeide_1.8.0/stm32cubeide/plugins/com.st.stm32cube.ide.mcu.externaltools.gnu-tools-for-stm32.9-2020-q2-update.win32_2.0.0.202105311346/tools/bin/../lib/gcc/arm-none-eabi/9.3.1/../../../../arm-none-eabi/lib/thumb/v7-m/nofp\libc_nano.a(lib_a-nano-reallocr.o)
                0x000000000800a5fc                _realloc_r
 .text._fstat_r
                0x000000000800a648       0x24 c:/st/stm32cubeide_1.8.0/stm32cubeide/plugins/com.st.stm32cube.ide.mcu.externaltools.gnu-tools-for-stm32.9-2020-q2-update.win32_2.0.0.202105311346/tools/bin/../lib/gcc/arm-none-eabi/9.3.1/../../../../arm-none-eabi/lib/thumb/v7-m/nofp\libc_nano.a(lib_a-fstatr.o)
                0x000000000800a648                _fstat_r
 .text._isatty_r
                0x000000000800a66c       0x20 c:/st/stm32cubeide_1.8.0/stm32cubeide/plugins/com.st.stm32cube.ide.mcu.externaltools.gnu-tools-for-stm32.9-2020-q2-update.win32_2.0.0.202105311346/tools/bin/../lib/gcc/arm-none-eabi/9.3.1/../../../../arm-none-eabi/lib/thumb/v7-m/nofp\libc_nano.a(lib_a-isattyr.o)
                0x000000000800a66c                _isatty_r
 .text._malloc_usable_size_r
                0x000000000800a68c       0x10 c:/st/stm32cubeide_1.8.0/stm32cubeide/plugins/com.st.stm32cube.ide.mcu.externaltools.gnu-tools-for-stm32.9-2020-q2-update.win32_2.0.0.202105311346/tools/bin/../lib/gcc/arm-none-eabi/9.3.1/../../../../arm-none-eabi/lib/thumb/v7-m/nofp\libc_nano.a(lib_a-nano-msizer.o)
                0x000000000800a68c                _malloc_usable_size_r
 *(.glue_7)
 .glue_7        0x000000000800a69c        0x0 linker stubs
 *(.glue_7t)
 .glue_7t       0x000000000800a69c        0x0 linker stubs
 *(.eh_frame)
 .eh_frame      0x000000000800a69c        0x0 c:/st/stm32cubeide_1.8.0/stm32cubeide/plugins/com.st.stm32cube.ide.mcu.externaltools.gnu-tools-for-stm32.9-2020-q2-update.win32_2.0.0.202105311346/tools/bin/../lib/gcc/arm-none-eabi/9.3.1/thumb/v7-m/nofp/crtbegin.o
 *(.init)
 .init          0x000000000800a69c        0x4 c:/st/stm32cubeide_1.8.0/stm32cubeide/plugins/com.st.stm32cube.ide.mcu.externaltools.gnu-tools-for-stm32.9-2020-q2-update.win32_2.0.0.202105311346/tools/bin/../lib/gcc/arm-none-eabi/9.3.1/thumb/v7-m/nofp/crti.o
                0x000000000800a69c                _init
 .init          0x000000000800a6a0        0x8 c:/st/stm32cubeide_1.8.0/stm32cubeide/plugins/com.st.stm32cube.ide.mcu.externaltools.gnu-tools-for-stm32.9-2020-q2-update.win32_2.0.0.202105311346/tools/bin/../lib/gcc/arm-none-eabi/9.3.1/thumb/v7-m/nofp/crtn.o
 *(.fini)
 .fini          0x000000000800a6a8        0x4 c:/st/stm32cubeide_1.8.0/stm32cubeide/plugins/com.st.stm32cube.ide.mcu.externaltools.gnu-tools-for-stm32.9-2020-q2-update.win32_2.0.0.202105311346/tools/bin/../lib/gcc/arm-none-eabi/9.3.1/thumb/v7-m/nofp/crti.o
                0x000000000800a6a8                _fini
 .fini          0x000000000800a6ac        0x8 c:/st/stm32cubeide_1.8.0/stm32cubeide/plugins/com.st.stm32cube.ide.mcu.externaltools.gnu-tools-for-stm32.9-2020-q2-update.win32_2.0.0.202105311346/tools/bin/../lib/gcc/arm-none-eabi/9.3.1/thumb/v7-m/nofp/crtn.o
                0x000000000800a6b4                . = ALIGN (0x4)
                0x000000000800a6b4                _etext = .

.vfp11_veneer   0x000000000800a6b4        0x0
 .vfp11_veneer  0x000000000800a6b4        0x0 linker stubs

.v4_bx          0x000000000800a6b4        0x0
 .v4_bx         0x000000000800a6b4        0x0 linker stubs

.iplt           0x000000000800a6b4        0x0
 .iplt          0x000000000800a6b4        0x0 c:/st/stm32cubeide_1.8.0/stm32cubeide/plugins/com.st.stm32cube.ide.mcu.externaltools.gnu-tools-for-stm32.9-2020-q2-update.win32_2.0.0.202105311346/tools/bin/../lib/gcc/arm-none-eabi/9.3.1/thumb/v7-m/nofp/crtbegin.o

.rodata         0x000000000800a6b4      0x5d8
                0x000000000800a6b4                . = ALIGN (0x4)
 *(.rodata)
 .rodata        0x000000000800a6b4      0x117 ./Core/Src/main.o
 *fill*         0x000000000800a7cb        0x1 
 .rodata        0x000000000800a7cc        0x5 ./Middlewares/Third_Party/FreeRTOS/Source/tasks.o
 *fill*         0x000000000800a7d1        0x3 
 .rodata        0x000000000800a7d4      0x218 ./icode/aliyun/esp8266/esp8266.o
 .rodata        0x000000000800a9ec      0x177 ./icode/aliyun/iot/iot.o
 *fill*         0x000000000800ab63        0x1 
 .rodata        0x000000000800ab64        0xf ./icode/aliyun/mqtt/MQTTConnectClient.o
 *(.rodata*)
 *fill*         0x000000000800ab73        0x1 
 .rodata.AHBPrescTable
                0x000000000800ab74       0x10 ./Core/Src/system_stm32f1xx.o
                0x000000000800ab74                AHBPrescTable
 .rodata.APBPrescTable
                0x000000000800ab84        0x8 ./Core/Src/system_stm32f1xx.o
                0x000000000800ab84                APBPrescTable
 .rodata.aPLLMULFactorTable.6334
                0x000000000800ab8c       0x10 ./Drivers/STM32F1xx_HAL_Driver/Src/stm32f1xx_hal_rcc.o
 .rodata.aPredivFactorTable.6335
                0x000000000800ab9c        0x2 ./Drivers/STM32F1xx_HAL_Driver/Src/stm32f1xx_hal_rcc.o
 *fill*         0x000000000800ab9e        0x2 
 .rodata.aPLLMULFactorTable.6269
                0x000000000800aba0       0x10 ./Drivers/STM32F1xx_HAL_Driver/Src/stm32f1xx_hal_rcc_ex.o
 .rodata.aPredivFactorTable.6270
                0x000000000800abb0        0x2 ./Drivers/STM32F1xx_HAL_Driver/Src/stm32f1xx_hal_rcc_ex.o
 *fill*         0x000000000800abb2        0x2 
 .rodata.iot_sha1_padding
                0x000000000800abb4       0x40 ./icode/aliyun/hmac/utils_sha1.o
 .rodata.__sf_fake_stderr
                0x000000000800abf4       0x20 c:/st/stm32cubeide_1.8.0/stm32cubeide/plugins/com.st.stm32cube.ide.mcu.externaltools.gnu-tools-for-stm32.9-2020-q2-update.win32_2.0.0.202105311346/tools/bin/../lib/gcc/arm-none-eabi/9.3.1/../../../../arm-none-eabi/lib/thumb/v7-m/nofp\libc_nano.a(lib_a-findfp.o)
                0x000000000800abf4                __sf_fake_stderr
 .rodata.__sf_fake_stdin
                0x000000000800ac14       0x20 c:/st/stm32cubeide_1.8.0/stm32cubeide/plugins/com.st.stm32cube.ide.mcu.externaltools.gnu-tools-for-stm32.9-2020-q2-update.win32_2.0.0.202105311346/tools/bin/../lib/gcc/arm-none-eabi/9.3.1/../../../../arm-none-eabi/lib/thumb/v7-m/nofp\libc_nano.a(lib_a-findfp.o)
                0x000000000800ac14                __sf_fake_stdin
 .rodata.__sf_fake_stdout
                0x000000000800ac34       0x20 c:/st/stm32cubeide_1.8.0/stm32cubeide/plugins/com.st.stm32cube.ide.mcu.externaltools.gnu-tools-for-stm32.9-2020-q2-update.win32_2.0.0.202105311346/tools/bin/../lib/gcc/arm-none-eabi/9.3.1/../../../../arm-none-eabi/lib/thumb/v7-m/nofp\libc_nano.a(lib_a-findfp.o)
                0x000000000800ac34                __sf_fake_stdout
 .rodata._global_impure_ptr
                0x000000000800ac54        0x4 c:/st/stm32cubeide_1.8.0/stm32cubeide/plugins/com.st.stm32cube.ide.mcu.externaltools.gnu-tools-for-stm32.9-2020-q2-update.win32_2.0.0.202105311346/tools/bin/../lib/gcc/arm-none-eabi/9.3.1/../../../../arm-none-eabi/lib/thumb/v7-m/nofp\libc_nano.a(lib_a-impure.o)
                0x000000000800ac54                _global_impure_ptr
 .rodata._svfprintf_r.str1.1
                0x000000000800ac58       0x11 c:/st/stm32cubeide_1.8.0/stm32cubeide/plugins/com.st.stm32cube.ide.mcu.externaltools.gnu-tools-for-stm32.9-2020-q2-update.win32_2.0.0.202105311346/tools/bin/../lib/gcc/arm-none-eabi/9.3.1/../../../../arm-none-eabi/lib/thumb/v7-m/nofp\libc_nano.a(lib_a-nano-svfprintf.o)
 .rodata._vfprintf_r.str1.1
                0x000000000800ac69       0x11 c:/st/stm32cubeide_1.8.0/stm32cubeide/plugins/com.st.stm32cube.ide.mcu.externaltools.gnu-tools-for-stm32.9-2020-q2-update.win32_2.0.0.202105311346/tools/bin/../lib/gcc/arm-none-eabi/9.3.1/../../../../arm-none-eabi/lib/thumb/v7-m/nofp\libc_nano.a(lib_a-nano-vfprintf.o)
 .rodata._printf_i.str1.1
                0x000000000800ac69       0x22 c:/st/stm32cubeide_1.8.0/stm32cubeide/plugins/com.st.stm32cube.ide.mcu.externaltools.gnu-tools-for-stm32.9-2020-q2-update.win32_2.0.0.202105311346/tools/bin/../lib/gcc/arm-none-eabi/9.3.1/../../../../arm-none-eabi/lib/thumb/v7-m/nofp\libc_nano.a(lib_a-nano-vfprintf_i.o)
                0x000000000800ac8c                . = ALIGN (0x4)
 *fill*         0x000000000800ac8b        0x1 

.rel.dyn        0x000000000800ac8c        0x0
 .rel.iplt      0x000000000800ac8c        0x0 c:/st/stm32cubeide_1.8.0/stm32cubeide/plugins/com.st.stm32cube.ide.mcu.externaltools.gnu-tools-for-stm32.9-2020-q2-update.win32_2.0.0.202105311346/tools/bin/../lib/gcc/arm-none-eabi/9.3.1/thumb/v7-m/nofp/crtbegin.o

.ARM.extab      0x000000000800ac8c        0x0
                0x000000000800ac8c                . = ALIGN (0x4)
 *(.ARM.extab* .gnu.linkonce.armextab.*)
                0x000000000800ac8c                . = ALIGN (0x4)

.ARM            0x000000000800ac8c        0x0
                0x000000000800ac8c                . = ALIGN (0x4)
                0x000000000800ac8c                __exidx_start = .
 *(.ARM.exidx*)
                0x000000000800ac8c                __exidx_end = .
                0x000000000800ac8c                . = ALIGN (0x4)

.preinit_array  0x000000000800ac8c        0x0
                0x000000000800ac8c                . = ALIGN (0x4)
                0x000000000800ac8c                PROVIDE (__preinit_array_start = .)
 *(.preinit_array*)
                0x000000000800ac8c                PROVIDE (__preinit_array_end = .)
                0x000000000800ac8c                . = ALIGN (0x4)

.init_array     0x000000000800ac8c        0x4
                0x000000000800ac8c                . = ALIGN (0x4)
                0x000000000800ac8c                PROVIDE (__init_array_start = .)
 *(SORT_BY_NAME(.init_array.*))
 *(.init_array*)
 .init_array    0x000000000800ac8c        0x4 c:/st/stm32cubeide_1.8.0/stm32cubeide/plugins/com.st.stm32cube.ide.mcu.externaltools.gnu-tools-for-stm32.9-2020-q2-update.win32_2.0.0.202105311346/tools/bin/../lib/gcc/arm-none-eabi/9.3.1/thumb/v7-m/nofp/crtbegin.o
                0x000000000800ac90                PROVIDE (__init_array_end = .)
                0x000000000800ac90                . = ALIGN (0x4)

.fini_array     0x000000000800ac90        0x4
                0x000000000800ac90                . = ALIGN (0x4)
                [!provide]                        PROVIDE (__fini_array_start = .)
 *(SORT_BY_NAME(.fini_array.*))
 *(.fini_array*)
 .fini_array    0x000000000800ac90        0x4 c:/st/stm32cubeide_1.8.0/stm32cubeide/plugins/com.st.stm32cube.ide.mcu.externaltools.gnu-tools-for-stm32.9-2020-q2-update.win32_2.0.0.202105311346/tools/bin/../lib/gcc/arm-none-eabi/9.3.1/thumb/v7-m/nofp/crtbegin.o
                [!provide]                        PROVIDE (__fini_array_end = .)
                0x000000000800ac94                . = ALIGN (0x4)
                0x000000000800ac94                _sidata = LOADADDR (.data)

.data           0x0000000020000000       0x78 load address 0x000000000800ac94
                0x0000000020000000                . = ALIGN (0x4)
                0x0000000020000000                _sdata = .
 *(.data)
 *(.data*)
 .data.SystemCoreClock
                0x0000000020000000        0x4 ./Core/Src/system_stm32f1xx.o
                0x0000000020000000                SystemCoreClock
 .data.uwTickPrio
                0x0000000020000004        0x4 ./Drivers/STM32F1xx_HAL_Driver/Src/stm32f1xx_hal.o
                0x0000000020000004                uwTickPrio
 .data.uwTickFreq
                0x0000000020000008        0x1 ./Drivers/STM32F1xx_HAL_Driver/Src/stm32f1xx_hal.o
                0x0000000020000008                uwTickFreq
 *fill*         0x0000000020000009        0x3 
 .data.uxCriticalNesting
                0x000000002000000c        0x4 ./Middlewares/Third_Party/FreeRTOS/Source/portable/GCC/ARM_CM3/port.o
 .data.buflen   0x0000000020000010        0x2 ./icode/aliyun/iot/iot.o
                0x0000000020000010                buflen
 *fill*         0x0000000020000012        0x2 
 .data._impure_ptr
                0x0000000020000014        0x4 c:/st/stm32cubeide_1.8.0/stm32cubeide/plugins/com.st.stm32cube.ide.mcu.externaltools.gnu-tools-for-stm32.9-2020-q2-update.win32_2.0.0.202105311346/tools/bin/../lib/gcc/arm-none-eabi/9.3.1/../../../../arm-none-eabi/lib/thumb/v7-m/nofp\libc_nano.a(lib_a-impure.o)
                0x0000000020000014                _impure_ptr
 .data.impure_data
                0x0000000020000018       0x60 c:/st/stm32cubeide_1.8.0/stm32cubeide/plugins/com.st.stm32cube.ide.mcu.externaltools.gnu-tools-for-stm32.9-2020-q2-update.win32_2.0.0.202105311346/tools/bin/../lib/gcc/arm-none-eabi/9.3.1/../../../../arm-none-eabi/lib/thumb/v7-m/nofp\libc_nano.a(lib_a-impure.o)
 *(.RamFunc)
 *(.RamFunc*)
                0x0000000020000078                . = ALIGN (0x4)
                0x0000000020000078                _edata = .

.igot.plt       0x0000000020000078        0x0 load address 0x000000000800ad0c
 .igot.plt      0x0000000020000078        0x0 c:/st/stm32cubeide_1.8.0/stm32cubeide/plugins/com.st.stm32cube.ide.mcu.externaltools.gnu-tools-for-stm32.9-2020-q2-update.win32_2.0.0.202105311346/tools/bin/../lib/gcc/arm-none-eabi/9.3.1/thumb/v7-m/nofp/crtbegin.o
                0x0000000020000078                . = ALIGN (0x4)

.bss            0x0000000020000078     0x14f8 load address 0x000000000800ad0c
                0x0000000020000078                _sbss = .
                0x0000000020000078                __bss_start__ = _sbss
 *(.bss)
 .bss           0x0000000020000078       0x1c c:/st/stm32cubeide_1.8.0/stm32cubeide/plugins/com.st.stm32cube.ide.mcu.externaltools.gnu-tools-for-stm32.9-2020-q2-update.win32_2.0.0.202105311346/tools/bin/../lib/gcc/arm-none-eabi/9.3.1/thumb/v7-m/nofp/crtbegin.o
 *(.bss*)
 .bss.xIdleTaskTCBBuffer
                0x0000000020000094       0xb4 ./Core/Src/freertos.o
 .bss.xIdleStack
                0x0000000020000148      0x200 ./Core/Src/freertos.o
 .bss.__sbrk_heap_end
                0x0000000020000348        0x4 ./Core/Src/sysmem.o
 .bss.pxCurrentTCB
                0x000000002000034c        0x4 ./Middlewares/Third_Party/FreeRTOS/Source/tasks.o
                0x000000002000034c                pxCurrentTCB
 .bss.pxReadyTasksLists
                0x0000000020000350       0x8c ./Middlewares/Third_Party/FreeRTOS/Source/tasks.o
 .bss.xDelayedTaskList1
                0x00000000200003dc       0x14 ./Middlewares/Third_Party/FreeRTOS/Source/tasks.o
 .bss.xDelayedTaskList2
                0x00000000200003f0       0x14 ./Middlewares/Third_Party/FreeRTOS/Source/tasks.o
 .bss.pxDelayedTaskList
                0x0000000020000404        0x4 ./Middlewares/Third_Party/FreeRTOS/Source/tasks.o
 .bss.pxOverflowDelayedTaskList
                0x0000000020000408        0x4 ./Middlewares/Third_Party/FreeRTOS/Source/tasks.o
 .bss.xPendingReadyList
                0x000000002000040c       0x14 ./Middlewares/Third_Party/FreeRTOS/Source/tasks.o
 .bss.xTasksWaitingTermination
                0x0000000020000420       0x14 ./Middlewares/Third_Party/FreeRTOS/Source/tasks.o
 .bss.uxDeletedTasksWaitingCleanUp
                0x0000000020000434        0x4 ./Middlewares/Third_Party/FreeRTOS/Source/tasks.o
 .bss.xSuspendedTaskList
                0x0000000020000438       0x14 ./Middlewares/Third_Party/FreeRTOS/Source/tasks.o
 .bss.uxCurrentNumberOfTasks
                0x000000002000044c        0x4 ./Middlewares/Third_Party/FreeRTOS/Source/tasks.o
 .bss.xTickCount
                0x0000000020000450        0x4 ./Middlewares/Third_Party/FreeRTOS/Source/tasks.o
 .bss.uxTopReadyPriority
                0x0000000020000454        0x4 ./Middlewares/Third_Party/FreeRTOS/Source/tasks.o
 .bss.xSchedulerRunning
                0x0000000020000458        0x4 ./Middlewares/Third_Party/FreeRTOS/Source/tasks.o
 .bss.uxPendedTicks
                0x000000002000045c        0x4 ./Middlewares/Third_Party/FreeRTOS/Source/tasks.o
 .bss.xYieldPending
                0x0000000020000460        0x4 ./Middlewares/Third_Party/FreeRTOS/Source/tasks.o
 .bss.xNumOfOverflows
                0x0000000020000464        0x4 ./Middlewares/Third_Party/FreeRTOS/Source/tasks.o
 .bss.uxTaskNumber
                0x0000000020000468        0x4 ./Middlewares/Third_Party/FreeRTOS/Source/tasks.o
 .bss.xNextTaskUnblockTime
                0x000000002000046c        0x4 ./Middlewares/Third_Party/FreeRTOS/Source/tasks.o
 .bss.xIdleTaskHandle
                0x0000000020000470        0x4 ./Middlewares/Third_Party/FreeRTOS/Source/tasks.o
 .bss.uxSchedulerSuspended
                0x0000000020000474        0x4 ./Middlewares/Third_Party/FreeRTOS/Source/tasks.o
 .bss.ucMaxSysCallPriority
                0x0000000020000478        0x1 ./Middlewares/Third_Party/FreeRTOS/Source/portable/GCC/ARM_CM3/port.o
 *fill*         0x0000000020000479        0x3 
 .bss.ulMaxPRIGROUPValue
                0x000000002000047c        0x4 ./Middlewares/Third_Party/FreeRTOS/Source/portable/GCC/ARM_CM3/port.o
 .bss.ucHeap    0x0000000020000480      0xc00 ./Middlewares/Third_Party/FreeRTOS/Source/portable/MemMang/heap_4.o
 .bss.xStart    0x0000000020001080        0x8 ./Middlewares/Third_Party/FreeRTOS/Source/portable/MemMang/heap_4.o
 .bss.pxEnd     0x0000000020001088        0x4 ./Middlewares/Third_Party/FreeRTOS/Source/portable/MemMang/heap_4.o
 .bss.xFreeBytesRemaining
                0x000000002000108c        0x4 ./Middlewares/Third_Party/FreeRTOS/Source/portable/MemMang/heap_4.o
 .bss.xMinimumEverFreeBytesRemaining
                0x0000000020001090        0x4 ./Middlewares/Third_Party/FreeRTOS/Source/portable/MemMang/heap_4.o
 .bss.xBlockAllocatedBit
                0x0000000020001094        0x4 ./Middlewares/Third_Party/FreeRTOS/Source/portable/MemMang/heap_4.o
 .bss.bufptr    0x0000000020001098        0x4 ./icode/aliyun/mqtt/MQTTPacket.o
 .bss.USART_RX_STA
                0x000000002000109c        0x2 ./icode/usart/usart.o
                0x000000002000109c                USART_RX_STA
 *fill*         0x000000002000109e        0x2 
 .bss.__malloc_free_list
                0x00000000200010a0        0x4 c:/st/stm32cubeide_1.8.0/stm32cubeide/plugins/com.st.stm32cube.ide.mcu.externaltools.gnu-tools-for-stm32.9-2020-q2-update.win32_2.0.0.202105311346/tools/bin/../lib/gcc/arm-none-eabi/9.3.1/../../../../arm-none-eabi/lib/thumb/v7-m/nofp\libc_nano.a(lib_a-nano-mallocr.o)
                0x00000000200010a0                __malloc_free_list
 .bss.__malloc_sbrk_start
                0x00000000200010a4        0x4 c:/st/stm32cubeide_1.8.0/stm32cubeide/plugins/com.st.stm32cube.ide.mcu.externaltools.gnu-tools-for-stm32.9-2020-q2-update.win32_2.0.0.202105311346/tools/bin/../lib/gcc/arm-none-eabi/9.3.1/../../../../arm-none-eabi/lib/thumb/v7-m/nofp\libc_nano.a(lib_a-nano-mallocr.o)
                0x00000000200010a4                __malloc_sbrk_start
 *(COMMON)
 COMMON         0x00000000200010a8      0x154 ./Core/Src/main.o
                0x00000000200010a8                defaultTaskHandle
                0x00000000200010ac                huart3
                0x00000000200010f4                hadc2
                0x0000000020001124                lightHandle
                0x0000000020001128                dht11Handle
                0x000000002000112c                hadc1
                0x000000002000115c                Event_Handle
                0x0000000020001160                DHT11Handle
                0x0000000020001164                huart1
                0x00000000200011ac                htim2
                0x00000000200011f4                ADCHandle
                0x00000000200011f8                wifiHandle
 COMMON         0x00000000200011fc       0x48 ./Core/Src/stm32f1xx_hal_timebase_tim.o
                0x00000000200011fc                htim1
 COMMON         0x0000000020001244        0x4 ./Drivers/STM32F1xx_HAL_Driver/Src/stm32f1xx_hal.o
                0x0000000020001244                uwTick
 COMMON         0x0000000020001248      0x24c ./icode/aliyun/iot/iot.o
                0x0000000020001248                ClientID
                0x00000000200012c8                Password_len
                0x00000000200012c9                Username_len
                0x00000000200012ca                ClientID_len
                0x00000000200012cc                buf
                0x0000000020001394                Password
                0x0000000020001414                Username
 COMMON         0x0000000020001494       0xcc ./icode/usart/usart.o
                0x0000000020001494                USART_NewData
                0x0000000020001498                USART_RX_BUF
 COMMON         0x0000000020001560        0x9 c:/st/stm32cubeide_1.8.0/stm32cubeide/plugins/com.st.stm32cube.ide.mcu.externaltools.gnu-tools-for-stm32.9-2020-q2-update.win32_2.0.0.202105311346/tools/bin/../lib/gcc/arm-none-eabi/9.3.1/../../../../arm-none-eabi/lib/thumb/v7-m/nofp\libc_nano.a(lib_a-lock.o)
                0x0000000020001560                __lock___atexit_recursive_mutex
                0x0000000020001561                __lock___arc4random_mutex
                0x0000000020001562                __lock___env_recursive_mutex
                0x0000000020001563                __lock___sinit_recursive_mutex
                0x0000000020001564                __lock___malloc_recursive_mutex
                0x0000000020001565                __lock___at_quick_exit_mutex
                0x0000000020001566                __lock___dd_hash_mutex
                0x0000000020001567                __lock___tz_mutex
                0x0000000020001568                __lock___sfp_recursive_mutex
 *fill*         0x0000000020001569        0x3 
 COMMON         0x000000002000156c        0x4 c:/st/stm32cubeide_1.8.0/stm32cubeide/plugins/com.st.stm32cube.ide.mcu.externaltools.gnu-tools-for-stm32.9-2020-q2-update.win32_2.0.0.202105311346/tools/bin/../lib/gcc/arm-none-eabi/9.3.1/../../../../arm-none-eabi/lib/thumb/v7-m/nofp\libc_nano.a(lib_a-reent.o)
                0x000000002000156c                errno
                0x0000000020001570                . = ALIGN (0x4)
                0x0000000020001570                _ebss = .
                0x0000000020001570                __bss_end__ = _ebss

._user_heap_stack
                0x0000000020001570      0x600 load address 0x000000000800ad0c
                0x0000000020001570                . = ALIGN (0x8)
                [!provide]                        PROVIDE (end = .)
                0x0000000020001570                PROVIDE (_end = .)
                0x0000000020001770                . = (. + _Min_Heap_Size)
 *fill*         0x0000000020001570      0x200 
                0x0000000020001b70                . = (. + _Min_Stack_Size)
 *fill*         0x0000000020001770      0x400 
                0x0000000020001b70                . = ALIGN (0x8)

/DISCARD/
 libc.a(*)
 libm.a(*)
 libgcc.a(*)

.ARM.attributes
                0x0000000000000000       0x29
 *(.ARM.attributes)
 .ARM.attributes
                0x0000000000000000       0x1d c:/st/stm32cubeide_1.8.0/stm32cubeide/plugins/com.st.stm32cube.ide.mcu.externaltools.gnu-tools-for-stm32.9-2020-q2-update.win32_2.0.0.202105311346/tools/bin/../lib/gcc/arm-none-eabi/9.3.1/thumb/v7-m/nofp/crti.o
 .ARM.attributes
                0x000000000000001d       0x2d c:/st/stm32cubeide_1.8.0/stm32cubeide/plugins/com.st.stm32cube.ide.mcu.externaltools.gnu-tools-for-stm32.9-2020-q2-update.win32_2.0.0.202105311346/tools/bin/../lib/gcc/arm-none-eabi/9.3.1/thumb/v7-m/nofp/crtbegin.o
 .ARM.attributes
                0x000000000000004a       0x2d ./Core/Src/freertos.o
 .ARM.attributes
                0x0000000000000077       0x2d ./Core/Src/main.o
 .ARM.attributes
                0x00000000000000a4       0x2d ./Core/Src/stm32f1xx_hal_msp.o
 .ARM.attributes
                0x00000000000000d1       0x2d ./Core/Src/stm32f1xx_hal_timebase_tim.o
 .ARM.attributes
                0x00000000000000fe       0x2d ./Core/Src/stm32f1xx_it.o
 .ARM.attributes
                0x000000000000012b       0x2d ./Core/Src/syscalls.o
 .ARM.attributes
                0x0000000000000158       0x2d ./Core/Src/sysmem.o
 .ARM.attributes
                0x0000000000000185       0x2d ./Core/Src/system_stm32f1xx.o
 .ARM.attributes
                0x00000000000001b2       0x21 ./Core/Startup/startup_stm32f103c8tx.o
 .ARM.attributes
                0x00000000000001d3       0x2d ./Drivers/STM32F1xx_HAL_Driver/Src/stm32f1xx_hal.o
 .ARM.attributes
                0x0000000000000200       0x2d ./Drivers/STM32F1xx_HAL_Driver/Src/stm32f1xx_hal_adc.o
 .ARM.attributes
                0x000000000000022d       0x2d ./Drivers/STM32F1xx_HAL_Driver/Src/stm32f1xx_hal_cortex.o
 .ARM.attributes
                0x000000000000025a       0x2d ./Drivers/STM32F1xx_HAL_Driver/Src/stm32f1xx_hal_dma.o
 .ARM.attributes
                0x0000000000000287       0x2d ./Drivers/STM32F1xx_HAL_Driver/Src/stm32f1xx_hal_gpio.o
 .ARM.attributes
                0x00000000000002b4       0x2d ./Drivers/STM32F1xx_HAL_Driver/Src/stm32f1xx_hal_rcc.o
 .ARM.attributes