main.c:95:5:main	160	static
main.c:219:6:SystemClock_Config	88	static
main.c:265:13:MX_ADC1_Init	24	static
main.c:310:13:MX_ADC2_Init	24	static
main.c:355:13:MX_TIM2_Init	32	static
main.c:400:13:MX_USART1_UART_Init	8	static
main.c:433:13:MX_USART3_UART_Init	8	static
main.c:466:13:MX_GPIO_Init	40	static
main.c:499:6:StartDefaultTask	16	static
main.c:523:6:StartTask02	24	static
main.c:548:6:StartTask03	24	static
main.c:577:6:StartTask04	152	static
main.c:629:6:HAL_TIM_PeriodElapsedCallback	16	static
main.c:651:6:Error_Handler	4	static,ignoring_inline_asm
